20:01:26 **** Build of project memory_test_bsp ****
make -k all 
"Running Make include in microblaze_0/libsrc/bram_v4_3/src"
make -C microblaze_0/libsrc/bram_v4_3/src -s include  "SHELL=CMD" "COMPILER=mb-gcc" "ARCHIVER=mb-ar" "COMPILER_FLAGS=  -O2 -c -mcpu=v9.5 -mlittle-endian -mxl-soft-mul" "EXTRA_COMPILER_FLAGS=-ffunction-sections -fdata-sections -Wall -Wextra"
"Running Make include in microblaze_0/libsrc/cpu_v2_9/src"
make -C microblaze_0/libsrc/cpu_v2_9/src -s include  "SHELL=CMD" "COMPILER=mb-gcc" "ARCHIVER=mb-ar" "COMPILER_FLAGS=  -O2 -c -mcpu=v9.5 -mlittle-endian -mxl-soft-mul" "EXTRA_COMPILER_FLAGS=-ffunction-sections -fdata-sections -Wall -Wextra"
"Running Make include in microblaze_0/libsrc/ik_refresh_disable_v1_0/src"
make -C microblaze_0/libsrc/ik_refresh_disable_v1_0/src -s include  "SHELL=CMD" "COMPILER=mb-gcc" "ARCHIVER=mb-ar" "COMPILER_FLAGS=  -O2 -c -mcpu=v9.5 -mlittle-endian -mxl-soft-mul" "EXTRA_COMPILER_FLAGS=-ffunction-sections -fdata-sections -Wall -Wextra"
"Running Make include in microblaze_0/libsrc/intc_v3_9/src"
make -C microblaze_0/libsrc/intc_v3_9/src -s include  "SHELL=CMD" "COMPILER=mb-gcc" "ARCHIVER=mb-ar" "COMPILER_FLAGS=  -O2 -c -mcpu=v9.5 -mlittle-endian -mxl-soft-mul" "EXTRA_COMPILER_FLAGS=-ffunction-sections -fdata-sections -Wall -Wextra"
"Running Make include in microblaze_0/libsrc/standalone_v7_0/src"
make -C microblaze_0/libsrc/standalone_v7_0/src -s include  "SHELL=CMD" "COMPILER=mb-gcc" "ARCHIVER=mb-ar" "COMPILER_FLAGS=  -O2 -c -mcpu=v9.5 -mlittle-endian -mxl-soft-mul" "EXTRA_COMPILER_FLAGS=-ffunction-sections -fdata-sections -Wall -Wextra"
"Running Make include in microblaze_0/libsrc/tmrctr_v4_5/src"
make -C microblaze_0/libsrc/tmrctr_v4_5/src -s include  "SHELL=CMD" "COMPILER=mb-gcc" "ARCHIVER=mb-ar" "COMPILER_FLAGS=  -O2 -c -mcpu=v9.5 -mlittle-endian -mxl-soft-mul" "EXTRA_COMPILER_FLAGS=-ffunction-sections -fdata-sections -Wall -Wextra"
"Running Make include in microblaze_0/libsrc/uartlite_v3_2/src"
make -C microblaze_0/libsrc/uartlite_v3_2/src -s include  "SHELL=CMD" "COMPILER=mb-gcc" "ARCHIVER=mb-ar" "COMPILER_FLAGS=  -O2 -c -mcpu=v9.5 -mlittle-endian -mxl-soft-mul" "EXTRA_COMPILER_FLAGS=-ffunction-sections -fdata-sections -Wall -Wextra"
"Running Make libs in microblaze_0/libsrc/bram_v4_3/src"
make -C microblaze_0/libsrc/bram_v4_3/src -s libs  "SHELL=CMD" "COMPILER=mb-gcc" "ARCHIVER=mb-ar" "COMPILER_FLAGS=  -O2 -c -mcpu=v9.5 -mlittle-endian -mxl-soft-mul" "EXTRA_COMPILER_FLAGS=-ffunction-sections -fdata-sections -Wall -Wextra"
"Compiling bram"
mb-ar: creating ../../../lib/libxil.a
"Running Make libs in microblaze_0/libsrc/cpu_v2_9/src"
make -C microblaze_0/libsrc/cpu_v2_9/src -s libs  "SHELL=CMD" "COMPILER=mb-gcc" "ARCHIVER=mb-ar" "COMPILER_FLAGS=  -O2 -c -mcpu=v9.5 -mlittle-endian -mxl-soft-mul" "EXTRA_COMPILER_FLAGS=-ffunction-sections -fdata-sections -Wall -Wextra"
"Compiling cpu"
"Running Make libs in microblaze_0/libsrc/ik_refresh_disable_v1_0/src"
make -C microblaze_0/libsrc/ik_refresh_disable_v1_0/src -s libs  "SHELL=CMD" "COMPILER=mb-gcc" "ARCHIVER=mb-ar" "COMPILER_FLAGS=  -O2 -c -mcpu=v9.5 -mlittle-endian -mxl-soft-mul" "EXTRA_COMPILER_FLAGS=-ffunction-sections -fdata-sections -Wall -Wextra"
"Compiling ik_refresh_disable..."
ik_refresh_disable_selftest.c: In function 'IK_REFRESH_DISABLE_Reg_SelfTest':
ik_refresh_disable_selftest.c:52:67: warning: comparison of integer expressions of different signedness: 'u32' {aka 'long unsigned int'} and 'int' [-Wsign-compare]
    if ( IK_REFRESH_DISABLE_mReadReg (baseaddr, read_loop_index*4) != (read_loop_index+1)*READ_WRITE_MUL_FACTOR){
                                                                   ^~
ik_refresh_disable_selftest.c:36:6: warning: unused variable 'Index' [-Wunused-variable]
  int Index;
      ^~~~~
"Running Make libs in microblaze_0/libsrc/intc_v3_9/src"
make -C microblaze_0/libsrc/intc_v3_9/src -s libs  "SHELL=CMD" "COMPILER=mb-gcc" "ARCHIVER=mb-ar" "COMPILER_FLAGS=  -O2 -c -mcpu=v9.5 -mlittle-endian -mxl-soft-mul" "EXTRA_COMPILER_FLAGS=-ffunction-sections -fdata-sections -Wall -Wextra"
"Compiling intc"
"Running Make libs in microblaze_0/libsrc/standalone_v7_0/src"
make -C microblaze_0/libsrc/standalone_v7_0/src -s libs  "SHELL=CMD" "COMPILER=mb-gcc" "ARCHIVER=mb-ar" "COMPILER_FLAGS=  -O2 -c -mcpu=v9.5 -mlittle-endian -mxl-soft-mul" "EXTRA_COMPILER_FLAGS=-ffunction-sections -fdata-sections -Wall -Wextra"
"Compiling standalone";
microblaze_sleep.c:77:9: note: #pragma message: For the sleep routines, assembly instructions are used
 #pragma message ("For the sleep routines, assembly instructions are used")
         ^~~~~~~
"Running Make libs in microblaze_0/libsrc/tmrctr_v4_5/src"
make -C microblaze_0/libsrc/tmrctr_v4_5/src -s libs  "SHELL=CMD" "COMPILER=mb-gcc" "ARCHIVER=mb-ar" "COMPILER_FLAGS=  -O2 -c -mcpu=v9.5 -mlittle-endian -mxl-soft-mul" "EXTRA_COMPILER_FLAGS=-ffunction-sections -fdata-sections -Wall -Wextra"
"Compiling tmrctr"
"Running Make libs in microblaze_0/libsrc/uartlite_v3_2/src"
make -C microblaze_0/libsrc/uartlite_v3_2/src -s libs  "SHELL=CMD" "COMPILER=mb-gcc" "ARCHIVER=mb-ar" "COMPILER_FLAGS=  -O2 -c -mcpu=v9.5 -mlittle-endian -mxl-soft-mul" "EXTRA_COMPILER_FLAGS=-ffunction-sections -fdata-sections -Wall -Wextra"
"Compiling uartlite"
'Finished building libraries'
20:01:50 **** Build of project memory_test_bsp ****
make -k all 
"Running Make include in microblaze_0/libsrc/bram_v4_3/src"
make -C microblaze_0/libsrc/bram_v4_3/src -s include  "SHELL=CMD" "COMPILER=mb-gcc" "ARCHIVER=mb-ar" "COMPILER_FLAGS=  -O2 -c -mcpu=v9.5 -mlittle-endian -mxl-soft-mul" "EXTRA_COMPILER_FLAGS=-ffunction-sections -fdata-sections -Wall -Wextra"
"Running Make include in microblaze_0/libsrc/cpu_v2_9/src"
make -C microblaze_0/libsrc/cpu_v2_9/src -s include  "SHELL=CMD" "COMPILER=mb-gcc" "ARCHIVER=mb-ar" "COMPILER_FLAGS=  -O2 -c -mcpu=v9.5 -mlittle-endian -mxl-soft-mul" "EXTRA_COMPILER_FLAGS=-ffunction-sections -fdata-sections -Wall -Wextra"
"Running Make include in microblaze_0/libsrc/ik_refresh_disable_v1_0/src"
make -C microblaze_0/libsrc/ik_refresh_disable_v1_0/src -s include  "SHELL=CMD" "COMPILER=mb-gcc" "ARCHIVER=mb-ar" "COMPILER_FLAGS=  -O2 -c -mcpu=v9.5 -mlittle-endian -mxl-soft-mul" "EXTRA_COMPILER_FLAGS=-ffunction-sections -fdata-sections -Wall -Wextra"
"Running Make include in microblaze_0/libsrc/intc_v3_9/src"
make -C microblaze_0/libsrc/intc_v3_9/src -s include  "SHELL=CMD" "COMPILER=mb-gcc" "ARCHIVER=mb-ar" "COMPILER_FLAGS=  -O2 -c -mcpu=v9.5 -mlittle-endian -mxl-soft-mul" "EXTRA_COMPILER_FLAGS=-ffunction-sections -fdata-sections -Wall -Wextra"
"Running Make include in microblaze_0/libsrc/standalone_v7_0/src"
make -C microblaze_0/libsrc/standalone_v7_0/src -s include  "SHELL=CMD" "COMPILER=mb-gcc" "ARCHIVER=mb-ar" "COMPILER_FLAGS=  -O2 -c -mcpu=v9.5 -mlittle-endian -mxl-soft-mul" "EXTRA_COMPILER_FLAGS=-ffunction-sections -fdata-sections -Wall -Wextra"
"Running Make include in microblaze_0/libsrc/tmrctr_v4_5/src"
make -C microblaze_0/libsrc/tmrctr_v4_5/src -s include  "SHELL=CMD" "COMPILER=mb-gcc" "ARCHIVER=mb-ar" "COMPILER_FLAGS=  -O2 -c -mcpu=v9.5 -mlittle-endian -mxl-soft-mul" "EXTRA_COMPILER_FLAGS=-ffunction-sections -fdata-sections -Wall -Wextra"
"Running Make include in microblaze_0/libsrc/uartlite_v3_2/src"
make -C microblaze_0/libsrc/uartlite_v3_2/src -s include  "SHELL=CMD" "COMPILER=mb-gcc" "ARCHIVER=mb-ar" "COMPILER_FLAGS=  -O2 -c -mcpu=v9.5 -mlittle-endian -mxl-soft-mul" "EXTRA_COMPILER_FLAGS=-ffunction-sections -fdata-sections -Wall -Wextra"
"Running Make libs in microblaze_0/libsrc/bram_v4_3/src"
make -C microblaze_0/libsrc/bram_v4_3/src -s libs  "SHELL=CMD" "COMPILER=mb-gcc" "ARCHIVER=mb-ar" "COMPILER_FLAGS=  -O2 -c -mcpu=v9.5 -mlittle-endian -mxl-soft-mul" "EXTRA_COMPILER_FLAGS=-ffunction-sections -fdata-sections -Wall -Wextra"
"Compiling bram"
mb-ar: creating ../../../lib/libxil.a
"Running Make libs in microblaze_0/libsrc/cpu_v2_9/src"
make -C microblaze_0/libsrc/cpu_v2_9/src -s libs  "SHELL=CMD" "COMPILER=mb-gcc" "ARCHIVER=mb-ar" "COMPILER_FLAGS=  -O2 -c -mcpu=v9.5 -mlittle-endian -mxl-soft-mul" "EXTRA_COMPILER_FLAGS=-ffunction-sections -fdata-sections -Wall -Wextra"
"Compiling cpu"
"Running Make libs in microblaze_0/libsrc/ik_refresh_disable_v1_0/src"
make -C microblaze_0/libsrc/ik_refresh_disable_v1_0/src -s libs  "SHELL=CMD" "COMPILER=mb-gcc" "ARCHIVER=mb-ar" "COMPILER_FLAGS=  -O2 -c -mcpu=v9.5 -mlittle-endian -mxl-soft-mul" "EXTRA_COMPILER_FLAGS=-ffunction-sections -fdata-sections -Wall -Wextra"
"Compiling ik_refresh_disable..."
ik_refresh_disable_selftest.c: In function 'IK_REFRESH_DISABLE_Reg_SelfTest':
ik_refresh_disable_selftest.c:52:67: warning: comparison of integer expressions of different signedness: 'u32' {aka 'long unsigned int'} and 'int' [-Wsign-compare]
    if ( IK_REFRESH_DISABLE_mReadReg (baseaddr, read_loop_index*4) != (read_loop_index+1)*READ_WRITE_MUL_FACTOR){
                                                                   ^~
ik_refresh_disable_selftest.c:36:6: warning: unused variable 'Index' [-Wunused-variable]
  int Index;
      ^~~~~
"Running Make libs in microblaze_0/libsrc/intc_v3_9/src"
make -C microblaze_0/libsrc/intc_v3_9/src -s libs  "SHELL=CMD" "COMPILER=mb-gcc" "ARCHIVER=mb-ar" "COMPILER_FLAGS=  -O2 -c -mcpu=v9.5 -mlittle-endian -mxl-soft-mul" "EXTRA_COMPILER_FLAGS=-ffunction-sections -fdata-sections -Wall -Wextra"
"Compiling intc"
"Running Make libs in microblaze_0/libsrc/standalone_v7_0/src"
make -C microblaze_0/libsrc/standalone_v7_0/src -s libs  "SHELL=CMD" "COMPILER=mb-gcc" "ARCHIVER=mb-ar" "COMPILER_FLAGS=  -O2 -c -mcpu=v9.5 -mlittle-endian -mxl-soft-mul" "EXTRA_COMPILER_FLAGS=-ffunction-sections -fdata-sections -Wall -Wextra"
"Compiling standalone";
microblaze_sleep.c:77:9: note: #pragma message: For the sleep routines, assembly instructions are used
 #pragma message ("For the sleep routines, assembly instructions are used")
         ^~~~~~~
"Running Make libs in microblaze_0/libsrc/tmrctr_v4_5/src"
make -C microblaze_0/libsrc/tmrctr_v4_5/src -s libs  "SHELL=CMD" "COMPILER=mb-gcc" "ARCHIVER=mb-ar" "COMPILER_FLAGS=  -O2 -c -mcpu=v9.5 -mlittle-endian -mxl-soft-mul" "EXTRA_COMPILER_FLAGS=-ffunction-sections -fdata-sections -Wall -Wextra"
"Compiling tmrctr"
"Running Make libs in microblaze_0/libsrc/uartlite_v3_2/src"
make -C microblaze_0/libsrc/uartlite_v3_2/src -s libs  "SHELL=CMD" "COMPILER=mb-gcc" "ARCHIVER=mb-ar" "COMPILER_FLAGS=  -O2 -c -mcpu=v9.5 -mlittle-endian -mxl-soft-mul" "EXTRA_COMPILER_FLAGS=-ffunction-sections -fdata-sections -Wall -Wextra"
"Compiling uartlite"
'Finished building libraries'
20:01:55 **** Build of configuration Debug for project memory_test ****
make all 
'Building file: ../src/memory_config_g.c'
'Invoking: MicroBlaze gcc compiler'
mb-gcc -Wall -O0 -g3 -c -fmessage-length=0 -MT"src/memory_config_g.o" -I../../memory_test_bsp/microblaze_0/include -mlittle-endian -mcpu=v9.5 -mxl-soft-mul -Wl,--no-relax -ffunction-sections -fdata-sections -MMD -MP -MF"src/memory_config_g.d" -MT"src/memory_config_g.o" -o "src/memory_config_g.o" "../src/memory_config_g.c"
'Finished building: ../src/memory_config_g.c'
' '
'Building file: ../src/memorytest.c'
'Invoking: MicroBlaze gcc compiler'
mb-gcc -Wall -O0 -g3 -c -fmessage-length=0 -MT"src/memorytest.o" -I../../memory_test_bsp/microblaze_0/include -mlittle-endian -mcpu=v9.5 -mxl-soft-mul -Wl,--no-relax -ffunction-sections -fdata-sections -MMD -MP -MF"src/memorytest.d" -MT"src/memorytest.o" -o "src/memorytest.o" "../src/memorytest.c"
'Finished building: ../src/memorytest.c'
' '
'Building file: ../src/platform.c'
'Invoking: MicroBlaze gcc compiler'
mb-gcc -Wall -O0 -g3 -c -fmessage-length=0 -MT"src/platform.o" -I../../memory_test_bsp/microblaze_0/include -mlittle-endian -mcpu=v9.5 -mxl-soft-mul -Wl,--no-relax -ffunction-sections -fdata-sections -MMD -MP -MF"src/platform.d" -MT"src/platform.o" -o "src/platform.o" "../src/platform.c"
'Finished building: ../src/platform.c'
' '
'Building target: memory_test.elf'
'Invoking: MicroBlaze gcc linker'
mb-gcc -Wl,-T -Wl,../src/lscript.ld -L../../memory_test_bsp/microblaze_0/lib -mlittle-endian -mcpu=v9.5 -mxl-soft-mul -Wl,--no-relax -Wl,--gc-sections -o "memory_test.elf"  ./src/memory_config_g.o ./src/memorytest.o ./src/platform.o   -Wl,--start-group,-lxil,-lgcc,-lc,--end-group
'Finished building target: memory_test.elf'
' '
'Invoking: MicroBlaze Print Size'
mb-size memory_test.elf  |tee "memory_test.elf.size"
   text	   data	    bss	    dec	    hex	filename
   8980	    336	   1068	  10384	   2890	memory_test.elf
'Finished building: memory_test.elf.size'
' '
20:03:15 **** Incremental Build of configuration Debug for project memory_test ****
make all 
make: Nothing to be done for 'all'.
20:27:53 **** Auto Build of project memory_test_bsp ****
make -k all 
"Running Make include in microblaze_0/libsrc/bram_v4_3/src"
make -C microblaze_0/libsrc/bram_v4_3/src -s include  "SHELL=CMD" "COMPILER=mb-gcc" "ARCHIVER=mb-ar" "COMPILER_FLAGS=  -O2 -c -mcpu=v9.5 -mlittle-endian -mxl-soft-mul" "EXTRA_COMPILER_FLAGS=-ffunction-sections -fdata-sections -Wall -Wextra"
"Running Make include in microblaze_0/libsrc/cpu_v2_9/src"
make -C microblaze_0/libsrc/cpu_v2_9/src -s include  "SHELL=CMD" "COMPILER=mb-gcc" "ARCHIVER=mb-ar" "COMPILER_FLAGS=  -O2 -c -mcpu=v9.5 -mlittle-endian -mxl-soft-mul" "EXTRA_COMPILER_FLAGS=-ffunction-sections -fdata-sections -Wall -Wextra"
"Running Make include in microblaze_0/libsrc/ik_refresh_disable_v1_0/src"
make -C microblaze_0/libsrc/ik_refresh_disable_v1_0/src -s include  "SHELL=CMD" "COMPILER=mb-gcc" "ARCHIVER=mb-ar" "COMPILER_FLAGS=  -O2 -c -mcpu=v9.5 -mlittle-endian -mxl-soft-mul" "EXTRA_COMPILER_FLAGS=-ffunction-sections -fdata-sections -Wall -Wextra"
"Running Make include in microblaze_0/libsrc/intc_v3_9/src"
make -C microblaze_0/libsrc/intc_v3_9/src -s include  "SHELL=CMD" "COMPILER=mb-gcc" "ARCHIVER=mb-ar" "COMPILER_FLAGS=  -O2 -c -mcpu=v9.5 -mlittle-endian -mxl-soft-mul" "EXTRA_COMPILER_FLAGS=-ffunction-sections -fdata-sections -Wall -Wextra"
"Running Make include in microblaze_0/libsrc/standalone_v7_0/src"
make -C microblaze_0/libsrc/standalone_v7_0/src -s include  "SHELL=CMD" "COMPILER=mb-gcc" "ARCHIVER=mb-ar" "COMPILER_FLAGS=  -O2 -c -mcpu=v9.5 -mlittle-endian -mxl-soft-mul" "EXTRA_COMPILER_FLAGS=-ffunction-sections -fdata-sections -Wall -Wextra"
"Running Make include in microblaze_0/libsrc/tmrctr_v4_5/src"
make -C microblaze_0/libsrc/tmrctr_v4_5/src -s include  "SHELL=CMD" "COMPILER=mb-gcc" "ARCHIVER=mb-ar" "COMPILER_FLAGS=  -O2 -c -mcpu=v9.5 -mlittle-endian -mxl-soft-mul" "EXTRA_COMPILER_FLAGS=-ffunction-sections -fdata-sections -Wall -Wextra"
"Running Make include in microblaze_0/libsrc/uartlite_v3_2/src"
make -C microblaze_0/libsrc/uartlite_v3_2/src -s include  "SHELL=CMD" "COMPILER=mb-gcc" "ARCHIVER=mb-ar" "COMPILER_FLAGS=  -O2 -c -mcpu=v9.5 -mlittle-endian -mxl-soft-mul" "EXTRA_COMPILER_FLAGS=-ffunction-sections -fdata-sections -Wall -Wextra"
"Running Make libs in microblaze_0/libsrc/bram_v4_3/src"
make -C microblaze_0/libsrc/bram_v4_3/src -s libs  "SHELL=CMD" "COMPILER=mb-gcc" "ARCHIVER=mb-ar" "COMPILER_FLAGS=  -O2 -c -mcpu=v9.5 -mlittle-endian -mxl-soft-mul" "EXTRA_COMPILER_FLAGS=-ffunction-sections -fdata-sections -Wall -Wextra"
"Compiling bram"
"Running Make libs in microblaze_0/libsrc/cpu_v2_9/src"
make -C microblaze_0/libsrc/cpu_v2_9/src -s libs  "SHELL=CMD" "COMPILER=mb-gcc" "ARCHIVER=mb-ar" "COMPILER_FLAGS=  -O2 -c -mcpu=v9.5 -mlittle-endian -mxl-soft-mul" "EXTRA_COMPILER_FLAGS=-ffunction-sections -fdata-sections -Wall -Wextra"
"Compiling cpu"
"Running Make libs in microblaze_0/libsrc/ik_refresh_disable_v1_0/src"
make -C microblaze_0/libsrc/ik_refresh_disable_v1_0/src -s libs  "SHELL=CMD" "COMPILER=mb-gcc" "ARCHIVER=mb-ar" "COMPILER_FLAGS=  -O2 -c -mcpu=v9.5 -mlittle-endian -mxl-soft-mul" "EXTRA_COMPILER_FLAGS=-ffunction-sections -fdata-sections -Wall -Wextra"
"Compiling ik_refresh_disable..."
ik_refresh_disable_selftest.c: In function 'IK_REFRESH_DISABLE_Reg_SelfTest':
ik_refresh_disable_selftest.c:52:67: warning: comparison of integer expressions of different signedness: 'u32' {aka 'long unsigned int'} and 'int' [-Wsign-compare]
    if ( IK_REFRESH_DISABLE_mReadReg (baseaddr, read_loop_index*4) != (read_loop_index+1)*READ_WRITE_MUL_FACTOR){
                                                                   ^~
ik_refresh_disable_selftest.c:36:6: warning: unused variable 'Index' [-Wunused-variable]
  int Index;
      ^~~~~
"Running Make libs in microblaze_0/libsrc/intc_v3_9/src"
make -C microblaze_0/libsrc/intc_v3_9/src -s libs  "SHELL=CMD" "COMPILER=mb-gcc" "ARCHIVER=mb-ar" "COMPILER_FLAGS=  -O2 -c -mcpu=v9.5 -mlittle-endian -mxl-soft-mul" "EXTRA_COMPILER_FLAGS=-ffunction-sections -fdata-sections -Wall -Wextra"
"Compiling intc"
"Running Make libs in microblaze_0/libsrc/standalone_v7_0/src"
make -C microblaze_0/libsrc/standalone_v7_0/src -s libs  "SHELL=CMD" "COMPILER=mb-gcc" "ARCHIVER=mb-ar" "COMPILER_FLAGS=  -O2 -c -mcpu=v9.5 -mlittle-endian -mxl-soft-mul" "EXTRA_COMPILER_FLAGS=-ffunction-sections -fdata-sections -Wall -Wextra"
"Compiling standalone";
microblaze_sleep.c:77:9: note: #pragma message: For the sleep routines, assembly instructions are used
 #pragma message ("For the sleep routines, assembly instructions are used")
         ^~~~~~~
"Running Make libs in microblaze_0/libsrc/tmrctr_v4_5/src"
make -C microblaze_0/libsrc/tmrctr_v4_5/src -s libs  "SHELL=CMD" "COMPILER=mb-gcc" "ARCHIVER=mb-ar" "COMPILER_FLAGS=  -O2 -c -mcpu=v9.5 -mlittle-endian -mxl-soft-mul" "EXTRA_COMPILER_FLAGS=-ffunction-sections -fdata-sections -Wall -Wextra"
"Compiling tmrctr"
"Running Make libs in microblaze_0/libsrc/uartlite_v3_2/src"
make -C microblaze_0/libsrc/uartlite_v3_2/src -s libs  "SHELL=CMD" "COMPILER=mb-gcc" "ARCHIVER=mb-ar" "COMPILER_FLAGS=  -O2 -c -mcpu=v9.5 -mlittle-endian -mxl-soft-mul" "EXTRA_COMPILER_FLAGS=-ffunction-sections -fdata-sections -Wall -Wextra"
"Compiling uartlite"
'Finished building libraries'
20:27:58 **** Auto Build of configuration Debug for project memory_test ****
make all 
'Building file: ../src/memorytest.c'
'Invoking: MicroBlaze gcc compiler'
mb-gcc -Wall -O0 -g3 -c -fmessage-length=0 -MT"src/memorytest.o" -I../../memory_test_bsp/microblaze_0/include -mlittle-endian -mcpu=v9.5 -mxl-soft-mul -Wl,--no-relax -ffunction-sections -fdata-sections -MMD -MP -MF"src/memorytest.d" -MT"src/memorytest.o" -o "src/memorytest.o" "../src/memorytest.c"
'Finished building: ../src/memorytest.c'
' '
'Building file: ../src/platform.c'
'Invoking: MicroBlaze gcc compiler'
mb-gcc -Wall -O0 -g3 -c -fmessage-length=0 -MT"src/platform.o" -I../../memory_test_bsp/microblaze_0/include -mlittle-endian -mcpu=v9.5 -mxl-soft-mul -Wl,--no-relax -ffunction-sections -fdata-sections -MMD -MP -MF"src/platform.d" -MT"src/platform.o" -o "src/platform.o" "../src/platform.c"
'Finished building: ../src/platform.c'
' '
'Building target: memory_test.elf'
'Invoking: MicroBlaze gcc linker'
mb-gcc -Wl,-T -Wl,../src/lscript.ld -L../../memory_test_bsp/microblaze_0/lib -mlittle-endian -mcpu=v9.5 -mxl-soft-mul -Wl,--no-relax -Wl,--gc-sections -o "memory_test.elf"  ./src/memory_config_g.o ./src/memorytest.o ./src/platform.o   -Wl,--start-group,-lxil,-lgcc,-lc,--end-group
'Finished building target: memory_test.elf'
' '
'Invoking: MicroBlaze Print Size'
mb-size memory_test.elf  |tee "memory_test.elf.size"
   text	   data	    bss	    dec	    hex	filename
   8980	    336	   1068	  10384	   2890	memory_test.elf
'Finished building: memory_test.elf.size'
' '
20:28:12 **** Auto Build of configuration Debug for project memory_test ****
make all 
'Building file: ../src/memorytest.c'
'Invoking: MicroBlaze gcc compiler'
mb-gcc -Wall -O0 -g3 -c -fmessage-length=0 -MT"src/memorytest.o" -I../../memory_test_bsp/microblaze_0/include -mlittle-endian -mcpu=v9.5 -mxl-soft-mul -Wl,--no-relax -ffunction-sections -fdata-sections -MMD -MP -MF"src/memorytest.d" -MT"src/memorytest.o" -o "src/memorytest.o" "../src/memorytest.c"
../src/memorytest.c: In function 'test_memory_range':
../src/memorytest.c:90:5: error: unknown type name 'retentionTestResult'
     retentionTestResult result;
     ^~~~~~~~~~~~~~~~~~~
../src/memorytest.c:121:4: warning: implicit declaration of function 'IK_TestMem64_FailCount' [-Wimplicit-function-declaration]
    IK_TestMem64_FailCount((u64*)range->base, test_64bit_words, XIL_TESTMEM_WALK1, disable_time, &result);
    ^~~~~~~~~~~~~~~~~~~~~~
../src/memorytest.c:121:64: error: 'XIL_TESTMEM_WALK1' undeclared (first use in this function); did you mean 'XIL_TESTMEM_WALKONES'?
    IK_TestMem64_FailCount((u64*)range->base, test_64bit_words, XIL_TESTMEM_WALK1, disable_time, &result);
                                                                ^~~~~~~~~~~~~~~~~
                                                                XIL_TESTMEM_WALKONES
../src/memorytest.c:121:64: note: each undeclared identifier is reported only once for each function it appears in
../src/memorytest.c:123:98: error: request for member 'disabled_ms' in something not a structure or union
    printf("%u, %u, %llu, %llu\n", (unsigned)round, XIL_TESTMEM_WALK1, (unsigned long long) result.disabled_ms, (unsigned long long) result.failed_bit_count);
                                                                                                  ^
../src/memorytest.c:123:139: error: request for member 'failed_bit_count' in something not a structure or union
    printf("%u, %u, %llu, %llu\n", (unsigned)round, XIL_TESTMEM_WALK1, (unsigned long long) result.disabled_ms, (unsigned long long) result.failed_bit_count);
                                                                                                                                           ^
../src/memorytest.c:110:9: warning: unused variable 'seed' [-Wunused-variable]
     u32 seed = 0;
         ^~~~
../src/memorytest.c:88:5: warning: unused variable 'pattern' [-Wunused-variable]
  u8 pattern;
     ^~~~~~~
../src/memorytest.c:57:13: warning: unused variable 'status' [-Wunused-variable]
     XStatus status;
             ^~~~~~
make: *** [src/subdir.mk:29: src/memorytest.o] Error 1
20:29:53 **** Auto Build of configuration Debug for project memory_test ****
make all 
'Building file: ../src/memorytest.c'
'Invoking: MicroBlaze gcc compiler'
mb-gcc -Wall -O0 -g3 -c -fmessage-length=0 -MT"src/memorytest.o" -I../../memory_test_bsp/microblaze_0/include -mlittle-endian -mcpu=v9.5 -mxl-soft-mul -Wl,--no-relax -ffunction-sections -fdata-sections -MMD -MP -MF"src/memorytest.d" -MT"src/memorytest.o" -o "src/memorytest.o" "../src/memorytest.c"
../src/memorytest.c: In function 'test_memory_range':
../src/memorytest.c:91:5: error: unknown type name 'retentionTestResult'
     retentionTestResult result;
     ^~~~~~~~~~~~~~~~~~~
../src/memorytest.c:122:4: warning: implicit declaration of function 'IK_TestMem64_FailCount' [-Wimplicit-function-declaration]
    IK_TestMem64_FailCount((u64*)range->base, test_64bit_words, XIL_TESTMEM_WALK1, disable_time, &result);
    ^~~~~~~~~~~~~~~~~~~~~~
../src/memorytest.c:122:64: error: 'XIL_TESTMEM_WALK1' undeclared (first use in this function); did you mean 'XIL_TESTMEM_WALKONES'?
    IK_TestMem64_FailCount((u64*)range->base, test_64bit_words, XIL_TESTMEM_WALK1, disable_time, &result);
                                                                ^~~~~~~~~~~~~~~~~
                                                                XIL_TESTMEM_WALKONES
../src/memorytest.c:122:64: note: each undeclared identifier is reported only once for each function it appears in
../src/memorytest.c:124:98: error: request for member 'disabled_ms' in something not a structure or union
    printf("%u, %u, %llu, %llu\n", (unsigned)round, XIL_TESTMEM_WALK1, (unsigned long long) result.disabled_ms, (unsigned long long) result.failed_bit_count);
                                                                                                  ^
../src/memorytest.c:124:139: error: request for member 'failed_bit_count' in something not a structure or union
    printf("%u, %u, %llu, %llu\n", (unsigned)round, XIL_TESTMEM_WALK1, (unsigned long long) result.disabled_ms, (unsigned long long) result.failed_bit_count);
                                                                                                                                           ^
../src/memorytest.c:111:9: warning: unused variable 'seed' [-Wunused-variable]
     u32 seed = 0;
         ^~~~
../src/memorytest.c:89:5: warning: unused variable 'pattern' [-Wunused-variable]
  u8 pattern;
     ^~~~~~~
../src/memorytest.c:58:13: warning: unused variable 'status' [-Wunused-variable]
     XStatus status;
             ^~~~~~
make: *** [src/subdir.mk:29: src/memorytest.o] Error 1
20:30:13 **** Auto Build of configuration Debug for project memory_test ****
make all 
'Building file: ../src/memorytest.c'
'Invoking: MicroBlaze gcc compiler'
mb-gcc -Wall -O0 -g3 -c -fmessage-length=0 -MT"src/memorytest.o" -I../../memory_test_bsp/microblaze_0/include -mlittle-endian -mcpu=v9.5 -mxl-soft-mul -Wl,--no-relax -ffunction-sections -fdata-sections -MMD -MP -MF"src/memorytest.d" -MT"src/memorytest.o" -o "src/memorytest.o" "../src/memorytest.c"
../src/memorytest.c: In function 'test_memory_range':
../src/memorytest.c:91:5: error: unknown type name 'retentionTestResult'
     retentionTestResult result;
     ^~~~~~~~~~~~~~~~~~~
../src/memorytest.c:122:4: warning: implicit declaration of function 'IK_TestMem64_FailCount' [-Wimplicit-function-declaration]
    IK_TestMem64_FailCount((u64*)range->base, test_64bit_words, XIL_TESTMEM_WALK1, disable_time, &result);
    ^~~~~~~~~~~~~~~~~~~~~~
../src/memorytest.c:122:64: error: 'XIL_TESTMEM_WALK1' undeclared (first use in this function); did you mean 'XIL_TESTMEM_WALKONES'?
    IK_TestMem64_FailCount((u64*)range->base, test_64bit_words, XIL_TESTMEM_WALK1, disable_time, &result);
                                                                ^~~~~~~~~~~~~~~~~
                                                                XIL_TESTMEM_WALKONES
../src/memorytest.c:122:64: note: each undeclared identifier is reported only once for each function it appears in
../src/memorytest.c:124:98: error: request for member 'disabled_ms' in something not a structure or union
    printf("%u, %u, %llu, %llu\n", (unsigned)round, XIL_TESTMEM_WALK1, (unsigned long long) result.disabled_ms, (unsigned long long) result.failed_bit_count);
                                                                                                  ^
../src/memorytest.c:124:139: error: request for member 'failed_bit_count' in something not a structure or union
    printf("%u, %u, %llu, %llu\n", (unsigned)round, XIL_TESTMEM_WALK1, (unsigned long long) result.disabled_ms, (unsigned long long) result.failed_bit_count);
                                                                                                                                           ^
../src/memorytest.c:111:9: warning: unused variable 'seed' [-Wunused-variable]
     u32 seed = 0;
         ^~~~
../src/memorytest.c:89:5: warning: unused variable 'pattern' [-Wunused-variable]
  u8 pattern;
     ^~~~~~~
make: *** [src/subdir.mk:29: src/memorytest.o] Error 1
20:31:36 **** Incremental Build of configuration Debug for project memory_test ****
make all 
'Building file: ../src/memorytest.c'
'Invoking: MicroBlaze gcc compiler'
mb-gcc -Wall -O0 -g3 -c -fmessage-length=0 -MT"src/memorytest.o" -I../../memory_test_bsp/microblaze_0/include -mlittle-endian -mcpu=v9.5 -mxl-soft-mul -Wl,--no-relax -ffunction-sections -fdata-sections -MMD -MP -MF"src/memorytest.d" -MT"src/memorytest.o" -o "src/memorytest.o" "../src/memorytest.c"
../src/memorytest.c: In function 'test_memory_range':
../src/memorytest.c:91:5: error: unknown type name 'retentionTestResult'
     retentionTestResult result;
     ^~~~~~~~~~~~~~~~~~~
../src/memorytest.c:122:4: warning: implicit declaration of function 'IK_TestMem64_FailCount' [-Wimplicit-function-declaration]
    IK_TestMem64_FailCount((u64*)range->base, test_64bit_words, XIL_TESTMEM_WALK1, disable_time, &result);
    ^~~~~~~~~~~~~~~~~~~~~~
../src/memorytest.c:122:64: error: 'XIL_TESTMEM_WALK1' undeclared (first use in this function); did you mean 'XIL_TESTMEM_WALKONES'?
    IK_TestMem64_FailCount((u64*)range->base, test_64bit_words, XIL_TESTMEM_WALK1, disable_time, &result);
                                                                ^~~~~~~~~~~~~~~~~
                                                                XIL_TESTMEM_WALKONES
../src/memorytest.c:122:64: note: each undeclared identifier is reported only once for each function it appears in
../src/memorytest.c:124:98: error: request for member 'disabled_ms' in something not a structure or union
    printf("%u, %u, %llu, %llu\n", (unsigned)round, XIL_TESTMEM_WALK1, (unsigned long long) result.disabled_ms, (unsigned long long) result.failed_bit_count);
                                                                                                  ^
../src/memorytest.c:124:139: error: request for member 'failed_bit_count' in something not a structure or union
    printf("%u, %u, %llu, %llu\n", (unsigned)round, XIL_TESTMEM_WALK1, (unsigned long long) result.disabled_ms, (unsigned long long) result.failed_bit_count);
                                                                                                                                           ^
../src/memorytest.c:111:9: warning: unused variable 'seed' [-Wunused-variable]
     u32 seed = 0;
         ^~~~
../src/memorytest.c:89:5: warning: unused variable 'pattern' [-Wunused-variable]
  u8 pattern;
     ^~~~~~~
make: *** [src/subdir.mk:29: src/memorytest.o] Error 1
20:33:20 **** Auto Build of configuration Debug for project memory_test ****
make all 
'Building file: ../src/memorytest.c'
'Invoking: MicroBlaze gcc compiler'
mb-gcc -Wall -O0 -g3 -c -fmessage-length=0 -MT"src/memorytest.o" -I../../memory_test_bsp/microblaze_0/include -mlittle-endian -mcpu=v9.5 -mxl-soft-mul -Wl,--no-relax -ffunction-sections -fdata-sections -MMD -MP -MF"src/memorytest.d" -MT"src/memorytest.o" -o "src/memorytest.o" "../src/memorytest.c"
../src/memorytest.c: In function 'test_memory_range':
../src/memorytest.c:118:7: error: 'disable_time' undeclared (first use in this function); did you mean 'final_disable_time'?
   for(disable_time = initial_disable_time; disable_time <= final_disable_time; )
       ^~~~~~~~~~~~
       final_disable_time
../src/memorytest.c:118:7: note: each undeclared identifier is reported only once for each function it appears in
../src/memorytest.c:125:52: error: 'XIL_TESTMEM_WALK1' undeclared (first use in this function); did you mean 'XIL_TESTMEM_WALKONES'?
    printf("%u, %u, %llu, %llu\n", (unsigned)round, XIL_TESTMEM_WALK1);
                                                    ^~~~~~~~~~~~~~~~~
                                                    XIL_TESTMEM_WALKONES
../src/memorytest.c:111:9: warning: unused variable 'seed' [-Wunused-variable]
     u32 seed = 0;
         ^~~~
../src/memorytest.c:102:9: warning: unused variable 'test_64bit_words' [-Wunused-variable]
     u32 test_64bit_words = 0x08000000;
         ^~~~~~~~~~~~~~~~
make: *** [src/subdir.mk:29: src/memorytest.o] Error 1
20:33:29 **** Auto Build of configuration Debug for project memory_test ****
make all 
'Building file: ../src/memorytest.c'
'Invoking: MicroBlaze gcc compiler'
mb-gcc -Wall -O0 -g3 -c -fmessage-length=0 -MT"src/memorytest.o" -I../../memory_test_bsp/microblaze_0/include -mlittle-endian -mcpu=v9.5 -mxl-soft-mul -Wl,--no-relax -ffunction-sections -fdata-sections -MMD -MP -MF"src/memorytest.d" -MT"src/memorytest.o" -o "src/memorytest.o" "../src/memorytest.c"
../src/memorytest.c: In function 'test_memory_range':
../src/memorytest.c:97:9: error: redefinition of 'initial_disable_time'
     u64 initial_disable_time = 0;
         ^~~~~~~~~~~~~~~~~~~~
../src/memorytest.c:93:9: note: previous definition of 'initial_disable_time' was here
     u64 initial_disable_time = (1.5*1000)*(2);
         ^~~~~~~~~~~~~~~~~~~~
../src/memorytest.c:98:9: error: redefinition of 'final_disable_time'
     u64 final_disable_time = 0;
         ^~~~~~~~~~~~~~~~~~
../src/memorytest.c:94:9: note: previous definition of 'final_disable_time' was here
     u64 final_disable_time = (1.5*1000)*(1<<12);
         ^~~~~~~~~~~~~~~~~~
../src/memorytest.c:99:9: error: redefinition of 'interval_disable_time'
     u64 interval_disable_time = (1.5*1000)*0.1;
         ^~~~~~~~~~~~~~~~~~~~~
../src/memorytest.c:95:9: note: previous definition of 'interval_disable_time' was here
     u64 interval_disable_time = (1.5*1000)*1;
         ^~~~~~~~~~~~~~~~~~~~~
../src/memorytest.c:118:7: error: 'disable_time' undeclared (first use in this function); did you mean 'final_disable_time'?
   for(disable_time = initial_disable_time; disable_time <= final_disable_time; )
       ^~~~~~~~~~~~
       final_disable_time
../src/memorytest.c:118:7: note: each undeclared identifier is reported only once for each function it appears in
../src/memorytest.c:125:52: error: 'XIL_TESTMEM_WALK1' undeclared (first use in this function); did you mean 'XIL_TESTMEM_WALKONES'?
    printf("%u, %u, %llu, %llu\n", (unsigned)round, XIL_TESTMEM_WALK1);
                                                    ^~~~~~~~~~~~~~~~~
                                                    XIL_TESTMEM_WALKONES
../src/memorytest.c:111:9: warning: unused variable 'seed' [-Wunused-variable]
     u32 seed = 0;
         ^~~~
../src/memorytest.c:102:9: warning: unused variable 'test_64bit_words' [-Wunused-variable]
     u32 test_64bit_words = 0x08000000;
         ^~~~~~~~~~~~~~~~
make: *** [src/subdir.mk:29: src/memorytest.o] Error 1
20:33:47 **** Auto Build of configuration Debug for project memory_test ****
make all 
'Building file: ../src/memorytest.c'
'Invoking: MicroBlaze gcc compiler'
mb-gcc -Wall -O0 -g3 -c -fmessage-length=0 -MT"src/memorytest.o" -I../../memory_test_bsp/microblaze_0/include -mlittle-endian -mcpu=v9.5 -mxl-soft-mul -Wl,--no-relax -ffunction-sections -fdata-sections -MMD -MP -MF"src/memorytest.d" -MT"src/memorytest.o" -o "src/memorytest.o" "../src/memorytest.c"
../src/memorytest.c: In function 'test_memory_range':
../src/memorytest.c:100:9: error: redefinition of 'test_64bit_words'
     u32 test_64bit_words = 0x00000001;
         ^~~~~~~~~~~~~~~~
../src/memorytest.c:99:9: note: previous definition of 'test_64bit_words' was here
     u32 test_64bit_words = 0x08000000;
         ^~~~~~~~~~~~~~~~
../src/memorytest.c:115:7: error: 'disable_time' undeclared (first use in this function); did you mean 'final_disable_time'?
   for(disable_time = initial_disable_time; disable_time <= final_disable_time; )
       ^~~~~~~~~~~~
       final_disable_time
../src/memorytest.c:115:7: note: each undeclared identifier is reported only once for each function it appears in
../src/memorytest.c:122:52: error: 'XIL_TESTMEM_WALK1' undeclared (first use in this function); did you mean 'XIL_TESTMEM_WALKONES'?
    printf("%u, %u, %llu, %llu\n", (unsigned)round, XIL_TESTMEM_WALK1);
                                                    ^~~~~~~~~~~~~~~~~
                                                    XIL_TESTMEM_WALKONES
../src/memorytest.c:108:9: warning: unused variable 'seed' [-Wunused-variable]
     u32 seed = 0;
         ^~~~
../src/memorytest.c:100:9: warning: unused variable 'test_64bit_words' [-Wunused-variable]
     u32 test_64bit_words = 0x00000001;
         ^~~~~~~~~~~~~~~~
make: *** [src/subdir.mk:29: src/memorytest.o] Error 1
20:33:55 **** Auto Build of configuration Debug for project memory_test ****
make all 
'Building file: ../src/memorytest.c'
'Invoking: MicroBlaze gcc compiler'
mb-gcc -Wall -O0 -g3 -c -fmessage-length=0 -MT"src/memorytest.o" -I../../memory_test_bsp/microblaze_0/include -mlittle-endian -mcpu=v9.5 -mxl-soft-mul -Wl,--no-relax -ffunction-sections -fdata-sections -MMD -MP -MF"src/memorytest.d" -MT"src/memorytest.o" -o "src/memorytest.o" "../src/memorytest.c"
../src/memorytest.c: In function 'test_memory_range':
../src/memorytest.c:100:9: error: redefinition of 'test_64bit_words'
     u32 test_64bit_words = 0x00000001;
         ^~~~~~~~~~~~~~~~
../src/memorytest.c:99:9: note: previous definition of 'test_64bit_words' was here
     u32 test_64bit_words = 0x08000000;
         ^~~~~~~~~~~~~~~~
../src/memorytest.c:122:52: error: 'XIL_TESTMEM_WALK1' undeclared (first use in this function); did you mean 'XIL_TESTMEM_WALKONES'?
    printf("%u, %u, %llu, %llu\n", (unsigned)round, XIL_TESTMEM_WALK1);
                                                    ^~~~~~~~~~~~~~~~~
                                                    XIL_TESTMEM_WALKONES
../src/memorytest.c:122:52: note: each undeclared identifier is reported only once for each function it appears in
../src/memorytest.c:108:9: warning: unused variable 'seed' [-Wunused-variable]
     u32 seed = 0;
         ^~~~
../src/memorytest.c:100:9: warning: unused variable 'test_64bit_words' [-Wunused-variable]
     u32 test_64bit_words = 0x00000001;
         ^~~~~~~~~~~~~~~~
make: *** [src/subdir.mk:29: src/memorytest.o] Error 1
20:34:03 **** Auto Build of configuration Debug for project memory_test ****
make all 
'Building file: ../src/memorytest.c'
'Invoking: MicroBlaze gcc compiler'
mb-gcc -Wall -O0 -g3 -c -fmessage-length=0 -MT"src/memorytest.o" -I../../memory_test_bsp/microblaze_0/include -mlittle-endian -mcpu=v9.5 -mxl-soft-mul -Wl,--no-relax -ffunction-sections -fdata-sections -MMD -MP -MF"src/memorytest.d" -MT"src/memorytest.o" -o "src/memorytest.o" "../src/memorytest.c"
../src/memorytest.c: In function 'test_memory_range':
../src/memorytest.c:121:52: error: 'XIL_TESTMEM_WALK1' undeclared (first use in this function); did you mean 'XIL_TESTMEM_WALKONES'?
    printf("%u, %u, %llu, %llu\n", (unsigned)round, XIL_TESTMEM_WALK1);
                                                    ^~~~~~~~~~~~~~~~~
                                                    XIL_TESTMEM_WALKONES
../src/memorytest.c:121:52: note: each undeclared identifier is reported only once for each function it appears in
../src/memorytest.c:107:9: warning: unused variable 'seed' [-Wunused-variable]
     u32 seed = 0;
         ^~~~
../src/memorytest.c:99:9: warning: unused variable 'test_64bit_words' [-Wunused-variable]
     u32 test_64bit_words = 0x08000000;
         ^~~~~~~~~~~~~~~~
make: *** [src/subdir.mk:29: src/memorytest.o] Error 1
20:34:17 **** Auto Build of configuration Debug for project memory_test ****
make all 
'Building file: ../src/memorytest.c'
'Invoking: MicroBlaze gcc compiler'
mb-gcc -Wall -O0 -g3 -c -fmessage-length=0 -MT"src/memorytest.o" -I../../memory_test_bsp/microblaze_0/include -mlittle-endian -mcpu=v9.5 -mxl-soft-mul -Wl,--no-relax -ffunction-sections -fdata-sections -MMD -MP -MF"src/memorytest.d" -MT"src/memorytest.o" -o "src/memorytest.o" "../src/memorytest.c"
../src/memorytest.c: In function 'test_memory_range':
../src/memorytest.c:121:17: warning: format '%u' expects a matching 'unsigned int' argument [-Wformat=]
    printf("%u, %u, %llu, %llu\n", (unsigned)round);
                ~^
../src/memorytest.c:121:23: warning: format '%llu' expects a matching 'long long unsigned int' argument [-Wformat=]
    printf("%u, %u, %llu, %llu\n", (unsigned)round);
                    ~~~^
../src/memorytest.c:121:29: warning: format '%llu' expects a matching 'long long unsigned int' argument [-Wformat=]
    printf("%u, %u, %llu, %llu\n", (unsigned)round);
                          ~~~^
../src/memorytest.c:107:9: warning: unused variable 'seed' [-Wunused-variable]
     u32 seed = 0;
         ^~~~
../src/memorytest.c:99:9: warning: unused variable 'test_64bit_words' [-Wunused-variable]
     u32 test_64bit_words = 0x08000000;
         ^~~~~~~~~~~~~~~~
'Finished building: ../src/memorytest.c'
' '
'Building target: memory_test.elf'
'Invoking: MicroBlaze gcc linker'
mb-gcc -Wl,-T -Wl,../src/lscript.ld -L../../memory_test_bsp/microblaze_0/lib -mlittle-endian -mcpu=v9.5 -mxl-soft-mul -Wl,--no-relax -Wl,--gc-sections -o "memory_test.elf"  ./src/memory_config_g.o ./src/memorytest.o ./src/platform.o   -Wl,--start-group,-lxil,-lgcc,-lc,--end-group
'Finished building target: memory_test.elf'
' '
'Invoking: MicroBlaze Print Size'
mb-size memory_test.elf  |tee "memory_test.elf.size"
   text	   data	    bss	    dec	    hex	filename
  95569	   1736	   1127	  98432	  18080	memory_test.elf
'Finished building: memory_test.elf.size'
' '
20:34:22 **** Incremental Build of configuration Debug for project memory_test ****
make all 
make: Nothing to be done for 'all'.
20:34:55 **** Incremental Build of configuration Debug for project memory_test ****
make all 
make: Nothing to be done for 'all'.
20:35:30 **** Incremental Build of configuration Debug for project memory_test ****
make all 
make: Nothing to be done for 'all'.
20:36:45 **** Auto Build of configuration Debug for project memory_test ****
make all 
'Building file: ../src/memorytest.c'
'Invoking: MicroBlaze gcc compiler'
mb-gcc -Wall -O0 -g3 -c -fmessage-length=0 -MT"src/memorytest.o" -I../../memory_test_bsp/microblaze_0/include -mlittle-endian -mcpu=v9.5 -mxl-soft-mul -Wl,--no-relax -ffunction-sections -fdata-sections -MMD -MP -MF"src/memorytest.d" -MT"src/memorytest.o" -o "src/memorytest.o" "../src/memorytest.c"
../src/memorytest.c: In function 'test_memory_range':
../src/memorytest.c:121:17: warning: format '%u' expects a matching 'unsigned int' argument [-Wformat=]
    printf("%u, %u, %llu, %llu\n", (unsigned)round);
                ~^
../src/memorytest.c:121:23: warning: format '%llu' expects a matching 'long long unsigned int' argument [-Wformat=]
    printf("%u, %u, %llu, %llu\n", (unsigned)round);
                    ~~~^
../src/memorytest.c:121:29: warning: format '%llu' expects a matching 'long long unsigned int' argument [-Wformat=]
    printf("%u, %u, %llu, %llu\n", (unsigned)round);
                          ~~~^
../src/memorytest.c:107:9: warning: unused variable 'seed' [-Wunused-variable]
     u32 seed = 0;
         ^~~~
../src/memorytest.c:99:9: warning: unused variable 'test_64bit_words' [-Wunused-variable]
     u32 test_64bit_words = 0x08000000;
         ^~~~~~~~~~~~~~~~
'Finished building: ../src/memorytest.c'
' '
'Building target: memory_test.elf'
'Invoking: MicroBlaze gcc linker'
mb-gcc -Wl,-T -Wl,../src/lscript.ld -L../../memory_test_bsp/microblaze_0/lib -mlittle-endian -mcpu=v9.5 -mxl-soft-mul -Wl,--no-relax -Wl,--gc-sections -o "memory_test.elf"  ./src/memory_config_g.o ./src/memorytest.o ./src/platform.o   -Wl,--start-group,-lxil,-lgcc,-lc,--end-group
'Finished building target: memory_test.elf'
' '
'Invoking: MicroBlaze Print Size'
mb-size memory_test.elf  |tee "memory_test.elf.size"
   text	   data	    bss	    dec	    hex	filename
  95569	   1736	   1127	  98432	  18080	memory_test.elf
'Finished building: memory_test.elf.size'
' '
20:36:55 **** Auto Build of configuration Debug for project memory_test ****
make all 
'Building file: ../src/memorytest.c'
'Invoking: MicroBlaze gcc compiler'
mb-gcc -Wall -O0 -g3 -c -fmessage-length=0 -MT"src/memorytest.o" -I../../memory_test_bsp/microblaze_0/include -mlittle-endian -mcpu=v9.5 -mxl-soft-mul -Wl,--no-relax -ffunction-sections -fdata-sections -MMD -MP -MF"src/memorytest.d" -MT"src/memorytest.o" -o "src/memorytest.o" "../src/memorytest.c"
'Finished building: ../src/memorytest.c'
' '
'Building target: memory_test.elf'
'Invoking: MicroBlaze gcc linker'
mb-gcc -Wl,-T -Wl,../src/lscript.ld -L../../memory_test_bsp/microblaze_0/lib -mlittle-endian -mcpu=v9.5 -mxl-soft-mul -Wl,--no-relax -Wl,--gc-sections -o "memory_test.elf"  ./src/memory_config_g.o ./src/memorytest.o ./src/platform.o   -Wl,--start-group,-lxil,-lgcc,-lc,--end-group
'Finished building target: memory_test.elf'
' '
'Invoking: MicroBlaze Print Size'
mb-size memory_test.elf  |tee "memory_test.elf.size"
   text	   data	    bss	    dec	    hex	filename
   3552	    332	   1060	   4944	   1350	memory_test.elf
'Finished building: memory_test.elf.size'
' '
20:37:00 **** Incremental Build of configuration Debug for project memory_test ****
make all 
make: Nothing to be done for 'all'.
20:37:38 **** Incremental Build of configuration Debug for project memory_test ****
make all 
make: Nothing to be done for 'all'.
20:38:12 **** Auto Build of configuration Debug for project memory_test ****
make all 
'Building file: ../src/memorytest.c'
'Invoking: MicroBlaze gcc compiler'
mb-gcc -Wall -O0 -g3 -c -fmessage-length=0 -MT"src/memorytest.o" -I../../memory_test_bsp/microblaze_0/include -mlittle-endian -mcpu=v9.5 -mxl-soft-mul -Wl,--no-relax -ffunction-sections -fdata-sections -MMD -MP -MF"src/memorytest.d" -MT"src/memorytest.o" -o "src/memorytest.o" "../src/memorytest.c"
../src/memorytest.c: In function 'test_memory_range':
../src/memorytest.c:121:17: warning: format '%u' expects a matching 'unsigned int' argument [-Wformat=]
    printf("%u, %u, %llu, %llu\n", (unsigned)round);
                ~^
../src/memorytest.c:121:23: warning: format '%llu' expects a matching 'long long unsigned int' argument [-Wformat=]
    printf("%u, %u, %llu, %llu\n", (unsigned)round);
                    ~~~^
../src/memorytest.c:121:29: warning: format '%llu' expects a matching 'long long unsigned int' argument [-Wformat=]
    printf("%u, %u, %llu, %llu\n", (unsigned)round);
                          ~~~^
../src/memorytest.c:136:5: warning: 'main' is normally a non-static function [-Wmain]
 int main()
     ^~~~
../src/memorytest.c:156:1: error: expected declaration or statement at end of input
 }
 ^
../src/memorytest.c:107:9: warning: unused variable 'seed' [-Wunused-variable]
     u32 seed = 0;
         ^~~~
../src/memorytest.c:99:9: warning: unused variable 'test_64bit_words' [-Wunused-variable]
     u32 test_64bit_words = 0x08000000;
         ^~~~~~~~~~~~~~~~
../src/memorytest.c:89:5: warning: unused variable 'pattern' [-Wunused-variable]
  u8 pattern;
     ^~~~~~~
At top level:
../src/memorytest.c:136:5: warning: 'main' defined but not used [-Wunused-function]
 int main()
     ^~~~
make: *** [src/subdir.mk:29: src/memorytest.o] Error 1
20:38:18 **** Incremental Build of configuration Debug for project memory_test ****
make all 
'Building file: ../src/memorytest.c'
'Invoking: MicroBlaze gcc compiler'
mb-gcc -Wall -O0 -g3 -c -fmessage-length=0 -MT"src/memorytest.o" -I../../memory_test_bsp/microblaze_0/include -mlittle-endian -mcpu=v9.5 -mxl-soft-mul -Wl,--no-relax -ffunction-sections -fdata-sections -MMD -MP -MF"src/memorytest.d" -MT"src/memorytest.o" -o "src/memorytest.o" "../src/memorytest.c"
../src/memorytest.c: In function 'test_memory_range':
../src/memorytest.c:121:17: warning: format '%u' expects a matching 'unsigned int' argument [-Wformat=]
    printf("%u, %u, %llu, %llu\n", (unsigned)round);
                ~^
../src/memorytest.c:121:23: warning: format '%llu' expects a matching 'long long unsigned int' argument [-Wformat=]
    printf("%u, %u, %llu, %llu\n", (unsigned)round);
                    ~~~^
../src/memorytest.c:121:29: warning: format '%llu' expects a matching 'long long unsigned int' argument [-Wformat=]
    printf("%u, %u, %llu, %llu\n", (unsigned)round);
                          ~~~^
../src/memorytest.c:136:5: warning: 'main' is normally a non-static function [-Wmain]
 int main()
     ^~~~
../src/memorytest.c:156:1: error: expected declaration or statement at end of input
 }
 ^
../src/memorytest.c:107:9: warning: unused variable 'seed' [-Wunused-variable]
     u32 seed = 0;
         ^~~~
../src/memorytest.c:99:9: warning: unused variable 'test_64bit_words' [-Wunused-variable]
     u32 test_64bit_words = 0x08000000;
         ^~~~~~~~~~~~~~~~
../src/memorytest.c:89:5: warning: unused variable 'pattern' [-Wunused-variable]
  u8 pattern;
     ^~~~~~~
At top level:
../src/memorytest.c:136:5: warning: 'main' defined but not used [-Wunused-function]
 int main()
     ^~~~
make: *** [src/subdir.mk:29: src/memorytest.o] Error 1
14:12:25 **** Auto Build of configuration Debug for project memory_test ****
make all 
'Building file: ../src/memorytest.c'
'Invoking: MicroBlaze gcc compiler'
mb-gcc -Wall -O0 -g3 -c -fmessage-length=0 -MT"src/memorytest.o" -I../../memory_test_bsp/microblaze_0/include -mlittle-endian -mcpu=v9.5 -mxl-soft-mul -Wl,--no-relax -ffunction-sections -fdata-sections -MMD -MP -MF"src/memorytest.d" -MT"src/memorytest.o" -o "src/memorytest.o" "../src/memorytest.c"
../src/memorytest.c: In function 'test_memory_range':
../src/memorytest.c:121:17: warning: format '%u' expects a matching 'unsigned int' argument [-Wformat=]
    printf("%u, %u, %llu, %llu\n", (unsigned)round);
                ~^
../src/memorytest.c:121:23: warning: format '%llu' expects a matching 'long long unsigned int' argument [-Wformat=]
    printf("%u, %u, %llu, %llu\n", (unsigned)round);
                    ~~~^
../src/memorytest.c:121:29: warning: format '%llu' expects a matching 'long long unsigned int' argument [-Wformat=]
    printf("%u, %u, %llu, %llu\n", (unsigned)round);
                          ~~~^
../src/memorytest.c:107:9: warning: unused variable 'seed' [-Wunused-variable]
     u32 seed = 0;
         ^~~~
../src/memorytest.c:99:9: warning: unused variable 'test_64bit_words' [-Wunused-variable]
     u32 test_64bit_words = 0x08000000;
         ^~~~~~~~~~~~~~~~
../src/memorytest.c:89:5: warning: unused variable 'pattern' [-Wunused-variable]
  u8 pattern;
     ^~~~~~~
'Finished building: ../src/memorytest.c'
' '
'Building target: memory_test.elf'
'Invoking: MicroBlaze gcc linker'
mb-gcc -Wl,-T -Wl,../src/lscript.ld -L../../memory_test_bsp/microblaze_0/lib -mlittle-endian -mcpu=v9.5 -mxl-soft-mul -Wl,--no-relax -Wl,--gc-sections -o "memory_test.elf"  ./src/memory_config_g.o ./src/memorytest.o ./src/platform.o   -Wl,--start-group,-lxil,-lgcc,-lc,--end-group
'Finished building target: memory_test.elf'
' '
'Invoking: MicroBlaze Print Size'
mb-size memory_test.elf  |tee "memory_test.elf.size"
   text	   data	    bss	    dec	    hex	filename
  95569	   1736	   1127	  98432	  18080	memory_test.elf
'Finished building: memory_test.elf.size'
' '
14:16:12 **** Build of configuration Debug for project memory_test_bsp_xtmrctr_fast_intr_example_1 ****
make all 
'Building file: ../src/xtmrctr_fast_intr_example.c'
'Invoking: MicroBlaze gcc compiler'
mb-gcc -Wall -O0 -g3 -c -fmessage-length=0 -MT"src/xtmrctr_fast_intr_example.o" -I../../memory_test_bsp/microblaze_0/include -mlittle-endian -mcpu=v9.5 -mxl-soft-mul -Wl,--no-relax -ffunction-sections -fdata-sections -MMD -MP -MF"src/xtmrctr_fast_intr_example.d" -MT"src/xtmrctr_fast_intr_example.o" -o "src/xtmrctr_fast_intr_example.o" "../src/xtmrctr_fast_intr_example.c"
../src/xtmrctr_fast_intr_example.c: In function 'main':
../src/xtmrctr_fast_intr_example.c:73:29: error: 'XPAR_INTC_0_TMRCTR_0_VEC_ID' undeclared (first use in this function); did you mean 'XPAR_INTC_0_UARTLITE_0_VEC_ID'?
 #define TMRCTR_INTERRUPT_ID XPAR_INTC_0_TMRCTR_0_VEC_ID
                             ^~~~~~~~~~~~~~~~~~~~~~~~~~~
../src/xtmrctr_fast_intr_example.c:153:7: note: in expansion of macro 'TMRCTR_INTERRUPT_ID'
       TMRCTR_INTERRUPT_ID,
       ^~~~~~~~~~~~~~~~~~~
../src/xtmrctr_fast_intr_example.c:73:29: note: each undeclared identifier is reported only once for each function it appears in
 #define TMRCTR_INTERRUPT_ID XPAR_INTC_0_TMRCTR_0_VEC_ID
                             ^~~~~~~~~~~~~~~~~~~~~~~~~~~
../src/xtmrctr_fast_intr_example.c:153:7: note: in expansion of macro 'TMRCTR_INTERRUPT_ID'
       TMRCTR_INTERRUPT_ID,
       ^~~~~~~~~~~~~~~~~~~
make: *** [src/subdir.mk:23: src/xtmrctr_fast_intr_example.o] Error 1
14:21:25 **** Auto Build of configuration Debug for project memory_test ****
make all 
'Building file: ../src/memorytest.c'
'Invoking: MicroBlaze gcc compiler'
mb-gcc -Wall -O0 -g3 -c -fmessage-length=0 -MT"src/memorytest.o" -I../../memory_test_bsp/microblaze_0/include -mlittle-endian -mcpu=v9.5 -mxl-soft-mul -Wl,--no-relax -ffunction-sections -fdata-sections -MMD -MP -MF"src/memorytest.d" -MT"src/memorytest.o" -o "src/memorytest.o" "../src/memorytest.c"
../src/memorytest.c: In function 'test_memory_range':
../src/memorytest.c:107:5: error: 'status' undeclared (first use in this function); did you mean 'XStatus'?
     status = XTmrCtr_Initialize(&timer_dev, XPAR_AXI_TIMER_DEVICE_ID);
     ^~~~~~
     XStatus
../src/memorytest.c:107:5: note: each undeclared identifier is reported only once for each function it appears in
../src/memorytest.c:107:45: error: 'XPAR_AXI_TIMER_DEVICE_ID' undeclared (first use in this function); did you mean 'XPAR_AXI_TIMER_0_DEVICE_ID'?
     status = XTmrCtr_Initialize(&timer_dev, XPAR_AXI_TIMER_DEVICE_ID);
                                             ^~~~~~~~~~~~~~~~~~~~~~~~
                                             XPAR_AXI_TIMER_0_DEVICE_ID
../src/memorytest.c:130:17: warning: format '%u' expects a matching 'unsigned int' argument [-Wformat=]
    printf("%u, %u, %llu, %llu\n", (unsigned)round);
                ~^
../src/memorytest.c:130:23: warning: format '%llu' expects a matching 'long long unsigned int' argument [-Wformat=]
    printf("%u, %u, %llu, %llu\n", (unsigned)round);
                    ~~~^
../src/memorytest.c:130:29: warning: format '%llu' expects a matching 'long long unsigned int' argument [-Wformat=]
    printf("%u, %u, %llu, %llu\n", (unsigned)round);
                          ~~~^
../src/memorytest.c:116:9: warning: unused variable 'seed' [-Wunused-variable]
     u32 seed = 0;
         ^~~~
../src/memorytest.c:101:9: warning: unused variable 'test_64bit_words' [-Wunused-variable]
     u32 test_64bit_words = 0x08000000;
         ^~~~~~~~~~~~~~~~
../src/memorytest.c:91:5: warning: unused variable 'pattern' [-Wunused-variable]
  u8 pattern;
     ^~~~~~~
make: *** [src/subdir.mk:29: src/memorytest.o] Error 1
14:22:08 **** Auto Build of configuration Debug for project memory_test ****
make all 
'Building file: ../src/memorytest.c'
'Invoking: MicroBlaze gcc compiler'
mb-gcc -Wall -O0 -g3 -c -fmessage-length=0 -MT"src/memorytest.o" -I../../memory_test_bsp/microblaze_0/include -mlittle-endian -mcpu=v9.5 -mxl-soft-mul -Wl,--no-relax -ffunction-sections -fdata-sections -MMD -MP -MF"src/memorytest.d" -MT"src/memorytest.o" -o "src/memorytest.o" "../src/memorytest.c"
../src/memorytest.c: In function 'test_memory_range':
../src/memorytest.c:107:5: error: 'status' undeclared (first use in this function); did you mean 'XStatus'?
     status = XTmrCtr_Initialize(&timer_dev, XPAR_AXI_TIMER_0_DEVICE_ID);
     ^~~~~~
     XStatus
../src/memorytest.c:107:5: note: each undeclared identifier is reported only once for each function it appears in
../src/memorytest.c:130:17: warning: format '%u' expects a matching 'unsigned int' argument [-Wformat=]
    printf("%u, %u, %llu, %llu\n", (unsigned)round);
                ~^
../src/memorytest.c:130:23: warning: format '%llu' expects a matching 'long long unsigned int' argument [-Wformat=]
    printf("%u, %u, %llu, %llu\n", (unsigned)round);
                    ~~~^
../src/memorytest.c:130:29: warning: format '%llu' expects a matching 'long long unsigned int' argument [-Wformat=]
    printf("%u, %u, %llu, %llu\n", (unsigned)round);
                          ~~~^
../src/memorytest.c:116:9: warning: unused variable 'seed' [-Wunused-variable]
     u32 seed = 0;
         ^~~~
../src/memorytest.c:101:9: warning: unused variable 'test_64bit_words' [-Wunused-variable]
     u32 test_64bit_words = 0x08000000;
         ^~~~~~~~~~~~~~~~
../src/memorytest.c:91:5: warning: unused variable 'pattern' [-Wunused-variable]
  u8 pattern;
     ^~~~~~~
make: *** [src/subdir.mk:29: src/memorytest.o] Error 1
14:23:31 **** Auto Build of configuration Debug for project memory_test ****
make all 
'Building file: ../src/memorytest.c'
'Invoking: MicroBlaze gcc compiler'
mb-gcc -Wall -O0 -g3 -c -fmessage-length=0 -MT"src/memorytest.o" -I../../memory_test_bsp/microblaze_0/include -mlittle-endian -mcpu=v9.5 -mxl-soft-mul -Wl,--no-relax -ffunction-sections -fdata-sections -MMD -MP -MF"src/memorytest.d" -MT"src/memorytest.o" -o "src/memorytest.o" "../src/memorytest.c"
../src/memorytest.c: In function 'test_memory_range':
../src/memorytest.c:133:17: warning: format '%u' expects a matching 'unsigned int' argument [-Wformat=]
    printf("%u, %u, %llu, %llu\n", (unsigned)round);
                ~^
../src/memorytest.c:133:23: warning: format '%llu' expects a matching 'long long unsigned int' argument [-Wformat=]
    printf("%u, %u, %llu, %llu\n", (unsigned)round);
                    ~~~^
../src/memorytest.c:133:29: warning: format '%llu' expects a matching 'long long unsigned int' argument [-Wformat=]
    printf("%u, %u, %llu, %llu\n", (unsigned)round);
                          ~~~^
../src/memorytest.c:119:9: warning: unused variable 'seed' [-Wunused-variable]
     u32 seed = 0;
         ^~~~
../src/memorytest.c:103:9: warning: unused variable 'test_64bit_words' [-Wunused-variable]
     u32 test_64bit_words = 0x08000000;
         ^~~~~~~~~~~~~~~~
../src/memorytest.c:93:5: warning: unused variable 'pattern' [-Wunused-variable]
  u8 pattern;
     ^~~~~~~
'Finished building: ../src/memorytest.c'
' '
'Building target: memory_test.elf'
'Invoking: MicroBlaze gcc linker'
mb-gcc -Wl,-T -Wl,../src/lscript.ld -L../../memory_test_bsp/microblaze_0/lib -mlittle-endian -mcpu=v9.5 -mxl-soft-mul -Wl,--no-relax -Wl,--gc-sections -o "memory_test.elf"  ./src/memory_config_g.o ./src/memorytest.o ./src/platform.o   -Wl,--start-group,-lxil,-lgcc,-lc,--end-group
'Finished building target: memory_test.elf'
' '
'Invoking: MicroBlaze Print Size'
mb-size memory_test.elf  |tee "memory_test.elf.size"
   text	   data	    bss	    dec	    hex	filename
  99404	   1756	   1176	 102336	  18fc0	memory_test.elf
'Finished building: memory_test.elf.size'
' '
14:26:42 **** Auto Build of project memory_test_bsp ****
make -k all 
"Running Make include in microblaze_0/libsrc/bram_v4_3/src"
make -C microblaze_0/libsrc/bram_v4_3/src -s include  "SHELL=CMD" "COMPILER=mb-gcc" "ARCHIVER=mb-ar" "COMPILER_FLAGS=  -O2 -c -mcpu=v9.5 -mlittle-endian -mxl-soft-mul" "EXTRA_COMPILER_FLAGS=-ffunction-sections -fdata-sections -Wall -Wextra"
"Running Make include in microblaze_0/libsrc/cpu_v2_9/src"
make -C microblaze_0/libsrc/cpu_v2_9/src -s include  "SHELL=CMD" "COMPILER=mb-gcc" "ARCHIVER=mb-ar" "COMPILER_FLAGS=  -O2 -c -mcpu=v9.5 -mlittle-endian -mxl-soft-mul" "EXTRA_COMPILER_FLAGS=-ffunction-sections -fdata-sections -Wall -Wextra"
"Running Make include in microblaze_0/libsrc/ik_refresh_disable_v1_0/src"
make -C microblaze_0/libsrc/ik_refresh_disable_v1_0/src -s include  "SHELL=CMD" "COMPILER=mb-gcc" "ARCHIVER=mb-ar" "COMPILER_FLAGS=  -O2 -c -mcpu=v9.5 -mlittle-endian -mxl-soft-mul" "EXTRA_COMPILER_FLAGS=-ffunction-sections -fdata-sections -Wall -Wextra"
"Running Make include in microblaze_0/libsrc/intc_v3_9/src"
make -C microblaze_0/libsrc/intc_v3_9/src -s include  "SHELL=CMD" "COMPILER=mb-gcc" "ARCHIVER=mb-ar" "COMPILER_FLAGS=  -O2 -c -mcpu=v9.5 -mlittle-endian -mxl-soft-mul" "EXTRA_COMPILER_FLAGS=-ffunction-sections -fdata-sections -Wall -Wextra"
"Running Make include in microblaze_0/libsrc/standalone_v7_0/src"
make -C microblaze_0/libsrc/standalone_v7_0/src -s include  "SHELL=CMD" "COMPILER=mb-gcc" "ARCHIVER=mb-ar" "COMPILER_FLAGS=  -O2 -c -mcpu=v9.5 -mlittle-endian -mxl-soft-mul" "EXTRA_COMPILER_FLAGS=-ffunction-sections -fdata-sections -Wall -Wextra"
"Running Make include in microblaze_0/libsrc/tmrctr_v4_5/src"
make -C microblaze_0/libsrc/tmrctr_v4_5/src -s include  "SHELL=CMD" "COMPILER=mb-gcc" "ARCHIVER=mb-ar" "COMPILER_FLAGS=  -O2 -c -mcpu=v9.5 -mlittle-endian -mxl-soft-mul" "EXTRA_COMPILER_FLAGS=-ffunction-sections -fdata-sections -Wall -Wextra"
"Running Make include in microblaze_0/libsrc/uartlite_v3_2/src"
make -C microblaze_0/libsrc/uartlite_v3_2/src -s include  "SHELL=CMD" "COMPILER=mb-gcc" "ARCHIVER=mb-ar" "COMPILER_FLAGS=  -O2 -c -mcpu=v9.5 -mlittle-endian -mxl-soft-mul" "EXTRA_COMPILER_FLAGS=-ffunction-sections -fdata-sections -Wall -Wextra"
"Running Make libs in microblaze_0/libsrc/bram_v4_3/src"
make -C microblaze_0/libsrc/bram_v4_3/src -s libs  "SHELL=CMD" "COMPILER=mb-gcc" "ARCHIVER=mb-ar" "COMPILER_FLAGS=  -O2 -c -mcpu=v9.5 -mlittle-endian -mxl-soft-mul" "EXTRA_COMPILER_FLAGS=-ffunction-sections -fdata-sections -Wall -Wextra"
"Compiling bram"
"Running Make libs in microblaze_0/libsrc/cpu_v2_9/src"
make -C microblaze_0/libsrc/cpu_v2_9/src -s libs  "SHELL=CMD" "COMPILER=mb-gcc" "ARCHIVER=mb-ar" "COMPILER_FLAGS=  -O2 -c -mcpu=v9.5 -mlittle-endian -mxl-soft-mul" "EXTRA_COMPILER_FLAGS=-ffunction-sections -fdata-sections -Wall -Wextra"
"Compiling cpu"
"Running Make libs in microblaze_0/libsrc/ik_refresh_disable_v1_0/src"
make -C microblaze_0/libsrc/ik_refresh_disable_v1_0/src -s libs  "SHELL=CMD" "COMPILER=mb-gcc" "ARCHIVER=mb-ar" "COMPILER_FLAGS=  -O2 -c -mcpu=v9.5 -mlittle-endian -mxl-soft-mul" "EXTRA_COMPILER_FLAGS=-ffunction-sections -fdata-sections -Wall -Wextra"
"Compiling ik_refresh_disable..."
ik_refresh_disable_selftest.c: In function 'IK_REFRESH_DISABLE_Reg_SelfTest':
ik_refresh_disable_selftest.c:52:67: warning: comparison of integer expressions of different signedness: 'u32' {aka 'long unsigned int'} and 'int' [-Wsign-compare]
    if ( IK_REFRESH_DISABLE_mReadReg (baseaddr, read_loop_index*4) != (read_loop_index+1)*READ_WRITE_MUL_FACTOR){
                                                                   ^~
ik_refresh_disable_selftest.c:36:6: warning: unused variable 'Index' [-Wunused-variable]
  int Index;
      ^~~~~
"Running Make libs in microblaze_0/libsrc/intc_v3_9/src"
make -C microblaze_0/libsrc/intc_v3_9/src -s libs  "SHELL=CMD" "COMPILER=mb-gcc" "ARCHIVER=mb-ar" "COMPILER_FLAGS=  -O2 -c -mcpu=v9.5 -mlittle-endian -mxl-soft-mul" "EXTRA_COMPILER_FLAGS=-ffunction-sections -fdata-sections -Wall -Wextra"
"Compiling intc"
"Running Make libs in microblaze_0/libsrc/standalone_v7_0/src"
make -C microblaze_0/libsrc/standalone_v7_0/src -s libs  "SHELL=CMD" "COMPILER=mb-gcc" "ARCHIVER=mb-ar" "COMPILER_FLAGS=  -O2 -c -mcpu=v9.5 -mlittle-endian -mxl-soft-mul" "EXTRA_COMPILER_FLAGS=-ffunction-sections -fdata-sections -Wall -Wextra"
"Compiling standalone";
microblaze_sleep.c:77:9: note: #pragma message: For the sleep routines, assembly instructions are used
 #pragma message ("For the sleep routines, assembly instructions are used")
         ^~~~~~~
"Running Make libs in microblaze_0/libsrc/tmrctr_v4_5/src"
make -C microblaze_0/libsrc/tmrctr_v4_5/src -s libs  "SHELL=CMD" "COMPILER=mb-gcc" "ARCHIVER=mb-ar" "COMPILER_FLAGS=  -O2 -c -mcpu=v9.5 -mlittle-endian -mxl-soft-mul" "EXTRA_COMPILER_FLAGS=-ffunction-sections -fdata-sections -Wall -Wextra"
"Compiling tmrctr"
"Running Make libs in microblaze_0/libsrc/uartlite_v3_2/src"
make -C microblaze_0/libsrc/uartlite_v3_2/src -s libs  "SHELL=CMD" "COMPILER=mb-gcc" "ARCHIVER=mb-ar" "COMPILER_FLAGS=  -O2 -c -mcpu=v9.5 -mlittle-endian -mxl-soft-mul" "EXTRA_COMPILER_FLAGS=-ffunction-sections -fdata-sections -Wall -Wextra"
"Compiling uartlite"
'Finished building libraries'
14:26:48 **** Auto Build of configuration Debug for project memory_test ****
make all 
'Building file: ../src/memorytest.c'
'Invoking: MicroBlaze gcc compiler'
mb-gcc -Wall -O0 -g3 -c -fmessage-length=0 -MT"src/memorytest.o" -I../../memory_test_bsp/microblaze_0/include -mlittle-endian -mcpu=v9.5 -mxl-soft-mul -Wl,--no-relax -ffunction-sections -fdata-sections -MMD -MP -MF"src/memorytest.d" -MT"src/memorytest.o" -o "src/memorytest.o" "../src/memorytest.c"
../src/memorytest.c: In function 'test_memory_range':
../src/memorytest.c:133:17: warning: format '%u' expects a matching 'unsigned int' argument [-Wformat=]
    printf("%u, %u, %llu, %llu\n", (unsigned)round);
                ~^
../src/memorytest.c:133:23: warning: format '%llu' expects a matching 'long long unsigned int' argument [-Wformat=]
    printf("%u, %u, %llu, %llu\n", (unsigned)round);
                    ~~~^
../src/memorytest.c:133:29: warning: format '%llu' expects a matching 'long long unsigned int' argument [-Wformat=]
    printf("%u, %u, %llu, %llu\n", (unsigned)round);
                          ~~~^
../src/memorytest.c:119:9: warning: unused variable 'seed' [-Wunused-variable]
     u32 seed = 0;
         ^~~~
../src/memorytest.c:103:9: warning: unused variable 'test_64bit_words' [-Wunused-variable]
     u32 test_64bit_words = 0x08000000;
         ^~~~~~~~~~~~~~~~
../src/memorytest.c:93:5: warning: unused variable 'pattern' [-Wunused-variable]
  u8 pattern;
     ^~~~~~~
'Finished building: ../src/memorytest.c'
' '
'Building file: ../src/platform.c'
'Invoking: MicroBlaze gcc compiler'
mb-gcc -Wall -O0 -g3 -c -fmessage-length=0 -MT"src/platform.o" -I../../memory_test_bsp/microblaze_0/include -mlittle-endian -mcpu=v9.5 -mxl-soft-mul -Wl,--no-relax -ffunction-sections -fdata-sections -MMD -MP -MF"src/platform.d" -MT"src/platform.o" -o "src/platform.o" "../src/platform.c"
'Finished building: ../src/platform.c'
' '
'Building target: memory_test.elf'
'Invoking: MicroBlaze gcc linker'
mb-gcc -Wl,-T -Wl,../src/lscript.ld -L../../memory_test_bsp/microblaze_0/lib -mlittle-endian -mcpu=v9.5 -mxl-soft-mul -Wl,--no-relax -Wl,--gc-sections -o "memory_test.elf"  ./src/memory_config_g.o ./src/memorytest.o ./src/platform.o   -Wl,--start-group,-lxil,-lgcc,-lc,--end-group
'Finished building target: memory_test.elf'
' '
'Invoking: MicroBlaze Print Size'
mb-size memory_test.elf  |tee "memory_test.elf.size"
   text	   data	    bss	    dec	    hex	filename
  99404	   1756	   1176	 102336	  18fc0	memory_test.elf
'Finished building: memory_test.elf.size'
' '
14:27:13 **** Auto Build of project memory_test_bsp ****
make -k all 
"Running Make include in microblaze_0/libsrc/bram_v4_3/src"
make -C microblaze_0/libsrc/bram_v4_3/src -s include  "SHELL=CMD" "COMPILER=mb-gcc" "ARCHIVER=mb-ar" "COMPILER_FLAGS=  -O2 -c -mcpu=v9.5 -mlittle-endian -mxl-soft-mul" "EXTRA_COMPILER_FLAGS=-ffunction-sections -fdata-sections -Wall -Wextra"
"Running Make include in microblaze_0/libsrc/cpu_v2_9/src"
make -C microblaze_0/libsrc/cpu_v2_9/src -s include  "SHELL=CMD" "COMPILER=mb-gcc" "ARCHIVER=mb-ar" "COMPILER_FLAGS=  -O2 -c -mcpu=v9.5 -mlittle-endian -mxl-soft-mul" "EXTRA_COMPILER_FLAGS=-ffunction-sections -fdata-sections -Wall -Wextra"
"Running Make include in microblaze_0/libsrc/ik_refresh_disable_v1_0/src"
make -C microblaze_0/libsrc/ik_refresh_disable_v1_0/src -s include  "SHELL=CMD" "COMPILER=mb-gcc" "ARCHIVER=mb-ar" "COMPILER_FLAGS=  -O2 -c -mcpu=v9.5 -mlittle-endian -mxl-soft-mul" "EXTRA_COMPILER_FLAGS=-ffunction-sections -fdata-sections -Wall -Wextra"
"Running Make include in microblaze_0/libsrc/intc_v3_9/src"
make -C microblaze_0/libsrc/intc_v3_9/src -s include  "SHELL=CMD" "COMPILER=mb-gcc" "ARCHIVER=mb-ar" "COMPILER_FLAGS=  -O2 -c -mcpu=v9.5 -mlittle-endian -mxl-soft-mul" "EXTRA_COMPILER_FLAGS=-ffunction-sections -fdata-sections -Wall -Wextra"
"Running Make include in microblaze_0/libsrc/standalone_v7_0/src"
make -C microblaze_0/libsrc/standalone_v7_0/src -s include  "SHELL=CMD" "COMPILER=mb-gcc" "ARCHIVER=mb-ar" "COMPILER_FLAGS=  -O2 -c -mcpu=v9.5 -mlittle-endian -mxl-soft-mul" "EXTRA_COMPILER_FLAGS=-ffunction-sections -fdata-sections -Wall -Wextra"
"Running Make include in microblaze_0/libsrc/tmrctr_v4_5/src"
make -C microblaze_0/libsrc/tmrctr_v4_5/src -s include  "SHELL=CMD" "COMPILER=mb-gcc" "ARCHIVER=mb-ar" "COMPILER_FLAGS=  -O2 -c -mcpu=v9.5 -mlittle-endian -mxl-soft-mul" "EXTRA_COMPILER_FLAGS=-ffunction-sections -fdata-sections -Wall -Wextra"
"Running Make include in microblaze_0/libsrc/uartlite_v3_2/src"
make -C microblaze_0/libsrc/uartlite_v3_2/src -s include  "SHELL=CMD" "COMPILER=mb-gcc" "ARCHIVER=mb-ar" "COMPILER_FLAGS=  -O2 -c -mcpu=v9.5 -mlittle-endian -mxl-soft-mul" "EXTRA_COMPILER_FLAGS=-ffunction-sections -fdata-sections -Wall -Wextra"
"Running Make libs in microblaze_0/libsrc/bram_v4_3/src"
make -C microblaze_0/libsrc/bram_v4_3/src -s libs  "SHELL=CMD" "COMPILER=mb-gcc" "ARCHIVER=mb-ar" "COMPILER_FLAGS=  -O2 -c -mcpu=v9.5 -mlittle-endian -mxl-soft-mul" "EXTRA_COMPILER_FLAGS=-ffunction-sections -fdata-sections -Wall -Wextra"
"Compiling bram"
"Running Make libs in microblaze_0/libsrc/cpu_v2_9/src"
make -C microblaze_0/libsrc/cpu_v2_9/src -s libs  "SHELL=CMD" "COMPILER=mb-gcc" "ARCHIVER=mb-ar" "COMPILER_FLAGS=  -O2 -c -mcpu=v9.5 -mlittle-endian -mxl-soft-mul" "EXTRA_COMPILER_FLAGS=-ffunction-sections -fdata-sections -Wall -Wextra"
"Compiling cpu"
"Running Make libs in microblaze_0/libsrc/ik_refresh_disable_v1_0/src"
make -C microblaze_0/libsrc/ik_refresh_disable_v1_0/src -s libs  "SHELL=CMD" "COMPILER=mb-gcc" "ARCHIVER=mb-ar" "COMPILER_FLAGS=  -O2 -c -mcpu=v9.5 -mlittle-endian -mxl-soft-mul" "EXTRA_COMPILER_FLAGS=-ffunction-sections -fdata-sections -Wall -Wextra"
"Compiling ik_refresh_disable..."
ik_refresh_disable_selftest.c: In function 'IK_REFRESH_DISABLE_Reg_SelfTest':
ik_refresh_disable_selftest.c:52:67: warning: comparison of integer expressions of different signedness: 'u32' {aka 'long unsigned int'} and 'int' [-Wsign-compare]
    if ( IK_REFRESH_DISABLE_mReadReg (baseaddr, read_loop_index*4) != (read_loop_index+1)*READ_WRITE_MUL_FACTOR){
                                                                   ^~
ik_refresh_disable_selftest.c:36:6: warning: unused variable 'Index' [-Wunused-variable]
  int Index;
      ^~~~~
"Running Make libs in microblaze_0/libsrc/intc_v3_9/src"
make -C microblaze_0/libsrc/intc_v3_9/src -s libs  "SHELL=CMD" "COMPILER=mb-gcc" "ARCHIVER=mb-ar" "COMPILER_FLAGS=  -O2 -c -mcpu=v9.5 -mlittle-endian -mxl-soft-mul" "EXTRA_COMPILER_FLAGS=-ffunction-sections -fdata-sections -Wall -Wextra"
"Compiling intc"
"Running Make libs in microblaze_0/libsrc/standalone_v7_0/src"
make -C microblaze_0/libsrc/standalone_v7_0/src -s libs  "SHELL=CMD" "COMPILER=mb-gcc" "ARCHIVER=mb-ar" "COMPILER_FLAGS=  -O2 -c -mcpu=v9.5 -mlittle-endian -mxl-soft-mul" "EXTRA_COMPILER_FLAGS=-ffunction-sections -fdata-sections -Wall -Wextra"
"Compiling standalone";
microblaze_sleep.c:77:9: note: #pragma message: For the sleep routines, assembly instructions are used
 #pragma message ("For the sleep routines, assembly instructions are used")
         ^~~~~~~
"Running Make libs in microblaze_0/libsrc/tmrctr_v4_5/src"
make -C microblaze_0/libsrc/tmrctr_v4_5/src -s libs  "SHELL=CMD" "COMPILER=mb-gcc" "ARCHIVER=mb-ar" "COMPILER_FLAGS=  -O2 -c -mcpu=v9.5 -mlittle-endian -mxl-soft-mul" "EXTRA_COMPILER_FLAGS=-ffunction-sections -fdata-sections -Wall -Wextra"
"Compiling tmrctr"
"Running Make libs in microblaze_0/libsrc/uartlite_v3_2/src"
make -C microblaze_0/libsrc/uartlite_v3_2/src -s libs  "SHELL=CMD" "COMPILER=mb-gcc" "ARCHIVER=mb-ar" "COMPILER_FLAGS=  -O2 -c -mcpu=v9.5 -mlittle-endian -mxl-soft-mul" "EXTRA_COMPILER_FLAGS=-ffunction-sections -fdata-sections -Wall -Wextra"
"Compiling uartlite"
'Finished building libraries'
14:27:18 **** Auto Build of configuration Debug for project memory_test ****
make all 
'Building file: ../src/memorytest.c'
'Invoking: MicroBlaze gcc compiler'
mb-gcc -Wall -O0 -g3 -c -fmessage-length=0 -MT"src/memorytest.o" -I../../memory_test_bsp/microblaze_0/include -mlittle-endian -mcpu=v9.5 -mxl-soft-mul -Wl,--no-relax -ffunction-sections -fdata-sections -MMD -MP -MF"src/memorytest.d" -MT"src/memorytest.o" -o "src/memorytest.o" "../src/memorytest.c"
../src/memorytest.c: In function 'test_memory_range':
../src/memorytest.c:133:17: warning: format '%u' expects a matching 'unsigned int' argument [-Wformat=]
    printf("%u, %u, %llu, %llu\n", (unsigned)round);
                ~^
../src/memorytest.c:133:23: warning: format '%llu' expects a matching 'long long unsigned int' argument [-Wformat=]
    printf("%u, %u, %llu, %llu\n", (unsigned)round);
                    ~~~^
../src/memorytest.c:133:29: warning: format '%llu' expects a matching 'long long unsigned int' argument [-Wformat=]
    printf("%u, %u, %llu, %llu\n", (unsigned)round);
                          ~~~^
../src/memorytest.c:119:9: warning: unused variable 'seed' [-Wunused-variable]
     u32 seed = 0;
         ^~~~
../src/memorytest.c:103:9: warning: unused variable 'test_64bit_words' [-Wunused-variable]
     u32 test_64bit_words = 0x08000000;
         ^~~~~~~~~~~~~~~~
../src/memorytest.c:93:5: warning: unused variable 'pattern' [-Wunused-variable]
  u8 pattern;
     ^~~~~~~
'Finished building: ../src/memorytest.c'
' '
'Building file: ../src/platform.c'
'Invoking: MicroBlaze gcc compiler'
mb-gcc -Wall -O0 -g3 -c -fmessage-length=0 -MT"src/platform.o" -I../../memory_test_bsp/microblaze_0/include -mlittle-endian -mcpu=v9.5 -mxl-soft-mul -Wl,--no-relax -ffunction-sections -fdata-sections -MMD -MP -MF"src/platform.d" -MT"src/platform.o" -o "src/platform.o" "../src/platform.c"
'Finished building: ../src/platform.c'
' '
'Building target: memory_test.elf'
'Invoking: MicroBlaze gcc linker'
mb-gcc -Wl,-T -Wl,../src/lscript.ld -L../../memory_test_bsp/microblaze_0/lib -mlittle-endian -mcpu=v9.5 -mxl-soft-mul -Wl,--no-relax -Wl,--gc-sections -o "memory_test.elf"  ./src/memory_config_g.o ./src/memorytest.o ./src/platform.o   -Wl,--start-group,-lxil,-lgcc,-lc,--end-group
'Finished building target: memory_test.elf'
' '
'Invoking: MicroBlaze Print Size'
mb-size memory_test.elf  |tee "memory_test.elf.size"
   text	   data	    bss	    dec	    hex	filename
  99404	   1756	   1176	 102336	  18fc0	memory_test.elf
'Finished building: memory_test.elf.size'
' '
14:27:30 **** Auto Build of configuration Debug for project memory_test ****
make all 
'Building file: ../src/memorytest.c'
'Invoking: MicroBlaze gcc compiler'
mb-gcc -Wall -O0 -g3 -c -fmessage-length=0 -MT"src/memorytest.o" -I../../memory_test_bsp/microblaze_0/include -mlittle-endian -mcpu=v9.5 -mxl-soft-mul -Wl,--no-relax -ffunction-sections -fdata-sections -MMD -MP -MF"src/memorytest.d" -MT"src/memorytest.o" -o "src/memorytest.o" "../src/memorytest.c"
../src/memorytest.c:44:1: error: unknown type name 'XTmrCtr'
 XTmrCtr timer_dev;
 ^~~~~~~
../src/memorytest.c: In function 'test_memory_range':
../src/memorytest.c:120:4: warning: implicit declaration of function 'SM_TestMem64_FailCount' [-Wimplicit-function-declaration]
    SM_TestMem64_FailCount((u64*)range->base, test_64bit_words, XIL_TESTMEM_WALK1, disable_time, &result);
    ^~~~~~~~~~~~~~~~~~~~~~
../src/memorytest.c:120:64: error: 'XIL_TESTMEM_WALK1' undeclared (first use in this function); did you mean 'XIL_TESTMEM_WALKONES'?
    SM_TestMem64_FailCount((u64*)range->base, test_64bit_words, XIL_TESTMEM_WALK1, disable_time, &result);
                                                                ^~~~~~~~~~~~~~~~~
                                                                XIL_TESTMEM_WALKONES
../src/memorytest.c:120:64: note: each undeclared identifier is reported only once for each function it appears in
../src/memorytest.c:120:98: error: 'result' undeclared (first use in this function)
    SM_TestMem64_FailCount((u64*)range->base, test_64bit_words, XIL_TESTMEM_WALK1, disable_time, &result);
                                                                                                  ^~~~~~
../src/memorytest.c:123:17: warning: format '%u' expects a matching 'unsigned int' argument [-Wformat=]
    printf("%u, %u, %llu, %llu\n", (unsigned)round);
                ~^
../src/memorytest.c:123:23: warning: format '%llu' expects a matching 'long long unsigned int' argument [-Wformat=]
    printf("%u, %u, %llu, %llu\n", (unsigned)round);
                    ~~~^
../src/memorytest.c:123:29: warning: format '%llu' expects a matching 'long long unsigned int' argument [-Wformat=]
    printf("%u, %u, %llu, %llu\n", (unsigned)round);
                          ~~~^
../src/memorytest.c:109:9: warning: unused variable 'seed' [-Wunused-variable]
     u32 seed = 0;
         ^~~~
../src/memorytest.c:92:5: warning: unused variable 'pattern' [-Wunused-variable]
  u8 pattern;
     ^~~~~~~
make: *** [src/subdir.mk:29: src/memorytest.o] Error 1
14:27:56 **** Auto Build of configuration Debug for project memory_test ****
make all 
'Building file: ../src/memorytest.c'
'Invoking: MicroBlaze gcc compiler'
mb-gcc -Wall -O0 -g3 -c -fmessage-length=0 -MT"src/memorytest.o" -I../../memory_test_bsp/microblaze_0/include -mlittle-endian -mcpu=v9.5 -mxl-soft-mul -Wl,--no-relax -ffunction-sections -fdata-sections -MMD -MP -MF"src/memorytest.d" -MT"src/memorytest.o" -o "src/memorytest.o" "../src/memorytest.c"
../src/memorytest.c: In function 'test_memory_range':
../src/memorytest.c:120:4: warning: implicit declaration of function 'SM_TestMem64_FailCount' [-Wimplicit-function-declaration]
    SM_TestMem64_FailCount((u64*)range->base, test_64bit_words, XIL_TESTMEM_WALK1, disable_time, &result);
    ^~~~~~~~~~~~~~~~~~~~~~
../src/memorytest.c:120:64: error: 'XIL_TESTMEM_WALK1' undeclared (first use in this function); did you mean 'XIL_TESTMEM_WALKONES'?
    SM_TestMem64_FailCount((u64*)range->base, test_64bit_words, XIL_TESTMEM_WALK1, disable_time, &result);
                                                                ^~~~~~~~~~~~~~~~~
                                                                XIL_TESTMEM_WALKONES
../src/memorytest.c:120:64: note: each undeclared identifier is reported only once for each function it appears in
../src/memorytest.c:120:98: error: 'result' undeclared (first use in this function)
    SM_TestMem64_FailCount((u64*)range->base, test_64bit_words, XIL_TESTMEM_WALK1, disable_time, &result);
                                                                                                  ^~~~~~
../src/memorytest.c:123:17: warning: format '%u' expects a matching 'unsigned int' argument [-Wformat=]
    printf("%u, %u, %llu, %llu\n", (unsigned)round);
                ~^
../src/memorytest.c:123:23: warning: format '%llu' expects a matching 'long long unsigned int' argument [-Wformat=]
    printf("%u, %u, %llu, %llu\n", (unsigned)round);
                    ~~~^
../src/memorytest.c:123:29: warning: format '%llu' expects a matching 'long long unsigned int' argument [-Wformat=]
    printf("%u, %u, %llu, %llu\n", (unsigned)round);
                          ~~~^
../src/memorytest.c:109:9: warning: unused variable 'seed' [-Wunused-variable]
     u32 seed = 0;
         ^~~~
../src/memorytest.c:92:5: warning: unused variable 'pattern' [-Wunused-variable]
  u8 pattern;
     ^~~~~~~
make: *** [src/subdir.mk:29: src/memorytest.o] Error 1
14:28:16 **** Auto Build of project memory_test_bsp ****
make -k all 
"Running Make include in microblaze_0/libsrc/bram_v4_3/src"
make -C microblaze_0/libsrc/bram_v4_3/src -s include  "SHELL=CMD" "COMPILER=mb-gcc" "ARCHIVER=mb-ar" "COMPILER_FLAGS=  -O2 -c -mcpu=v9.5 -mlittle-endian -mxl-soft-mul" "EXTRA_COMPILER_FLAGS=-ffunction-sections -fdata-sections -Wall -Wextra"
"Running Make include in microblaze_0/libsrc/cpu_v2_9/src"
make -C microblaze_0/libsrc/cpu_v2_9/src -s include  "SHELL=CMD" "COMPILER=mb-gcc" "ARCHIVER=mb-ar" "COMPILER_FLAGS=  -O2 -c -mcpu=v9.5 -mlittle-endian -mxl-soft-mul" "EXTRA_COMPILER_FLAGS=-ffunction-sections -fdata-sections -Wall -Wextra"
"Running Make include in microblaze_0/libsrc/ik_refresh_disable_v1_0/src"
make -C microblaze_0/libsrc/ik_refresh_disable_v1_0/src -s include  "SHELL=CMD" "COMPILER=mb-gcc" "ARCHIVER=mb-ar" "COMPILER_FLAGS=  -O2 -c -mcpu=v9.5 -mlittle-endian -mxl-soft-mul" "EXTRA_COMPILER_FLAGS=-ffunction-sections -fdata-sections -Wall -Wextra"
"Running Make include in microblaze_0/libsrc/intc_v3_9/src"
make -C microblaze_0/libsrc/intc_v3_9/src -s include  "SHELL=CMD" "COMPILER=mb-gcc" "ARCHIVER=mb-ar" "COMPILER_FLAGS=  -O2 -c -mcpu=v9.5 -mlittle-endian -mxl-soft-mul" "EXTRA_COMPILER_FLAGS=-ffunction-sections -fdata-sections -Wall -Wextra"
"Running Make include in microblaze_0/libsrc/standalone_v7_0/src"
make -C microblaze_0/libsrc/standalone_v7_0/src -s include  "SHELL=CMD" "COMPILER=mb-gcc" "ARCHIVER=mb-ar" "COMPILER_FLAGS=  -O2 -c -mcpu=v9.5 -mlittle-endian -mxl-soft-mul" "EXTRA_COMPILER_FLAGS=-ffunction-sections -fdata-sections -Wall -Wextra"
[...]
      ^~~~~~~~~~~~~~~~~~~~~~
xil_testmem.c:396:6: warning: unused variable 'j' [-Wunused-variable]
  u32 j;
      ^
xil_testmem.c: In function 'IK_ValidateMem8':
xil_testmem.c:279:1: warning: control reaches end of non-void function [-Wreturn-type]
 }
 ^
microblaze_sleep.c:77:9: note: #pragma message: For the sleep routines, assembly instructions are used
 #pragma message ("For the sleep routines, assembly instructions are used")
         ^~~~~~~
"Running Make libs in microblaze_0/libsrc/tmrctr_v4_5/src"
make -C microblaze_0/libsrc/tmrctr_v4_5/src -s libs  "SHELL=CMD" "COMPILER=mb-gcc" "ARCHIVER=mb-ar" "COMPILER_FLAGS=  -O2 -c -mcpu=v9.5 -mlittle-endian -mxl-soft-mul" "EXTRA_COMPILER_FLAGS=-ffunction-sections -fdata-sections -Wall -Wextra"
"Compiling tmrctr"
"Running Make libs in microblaze_0/libsrc/uartlite_v3_2/src"
make -C microblaze_0/libsrc/uartlite_v3_2/src -s libs  "SHELL=CMD" "COMPILER=mb-gcc" "ARCHIVER=mb-ar" "COMPILER_FLAGS=  -O2 -c -mcpu=v9.5 -mlittle-endian -mxl-soft-mul" "EXTRA_COMPILER_FLAGS=-ffunction-sections -fdata-sections -Wall -Wextra"
"Compiling uartlite"
'Finished building libraries'
15:02:46 **** Auto Build of configuration Debug for project memory_test ****
make all 
'Building file: ../src/AxiTimerHelper.c'
'Invoking: MicroBlaze gcc compiler'
mb-gcc -Wall -O0 -g3 -c -fmessage-length=0 -MT"src/AxiTimerHelper.o" -I../../memory_test_bsp/microblaze_0/include -mlittle-endian -mcpu=v9.5 -mxl-soft-mul -Wl,--no-relax -ffunction-sections -fdata-sections -MMD -MP -MF"src/AxiTimerHelper.d" -MT"src/AxiTimerHelper.o" -o "src/AxiTimerHelper.o" "../src/AxiTimerHelper.c"
'Finished building: ../src/AxiTimerHelper.c'
' '
'Building file: ../src/memorytest.c'
'Invoking: MicroBlaze gcc compiler'
mb-gcc -Wall -O0 -g3 -c -fmessage-length=0 -MT"src/memorytest.o" -I../../memory_test_bsp/microblaze_0/include -mlittle-endian -mcpu=v9.5 -mxl-soft-mul -Wl,--no-relax -ffunction-sections -fdata-sections -MMD -MP -MF"src/memorytest.d" -MT"src/memorytest.o" -o "src/memorytest.o" "../src/memorytest.c"
../src/memorytest.c: In function 'test_memory_range':
../src/memorytest.c:108:6: warning: this 'if' clause does not guard... [-Wmisleading-indentation]
      if(round == 0)
      ^~
../src/memorytest.c:112:3: note: ...this statement, but the latter is misleadingly indented as if it were guarded by the 'if'
   for(disable_time = initial_disable_time; disable_time <= final_disable_time; )
   ^~~
../src/memorytest.c:105:9: warning: unused variable 'seed' [-Wunused-variable]
     u32 seed = 0;
         ^~~~
../src/memorytest.c:90:5: warning: unused variable 'pattern' [-Wunused-variable]
  u8 pattern;
     ^~~~~~~
'Finished building: ../src/memorytest.c'
' '
'Building file: ../src/platform.c'
'Invoking: MicroBlaze gcc compiler'
mb-gcc -Wall -O0 -g3 -c -fmessage-length=0 -MT"src/platform.o" -I../../memory_test_bsp/microblaze_0/include -mlittle-endian -mcpu=v9.5 -mxl-soft-mul -Wl,--no-relax -ffunction-sections -fdata-sections -MMD -MP -MF"src/platform.d" -MT"src/platform.o" -o "src/platform.o" "../src/platform.c"
'Finished building: ../src/platform.c'
' '
'Building target: memory_test.elf'
'Invoking: MicroBlaze gcc linker'
mb-gcc -Wl,-T -Wl,../src/lscript.ld -L../../memory_test_bsp/microblaze_0/lib -mlittle-endian -mcpu=v9.5 -mxl-soft-mul -Wl,--no-relax -Wl,--gc-sections -o "memory_test.elf"  ./src/AxiTimerHelper.o ./src/memory_config_g.o ./src/memorytest.o ./src/platform.o   -Wl,--start-group,-lxil,-lgcc,-lc,--end-group
'Finished building target: memory_test.elf'
' '
'Invoking: MicroBlaze Print Size'
mb-size memory_test.elf  |tee "memory_test.elf.size"
   text	   data	    bss	    dec	    hex	filename
 100177	   1756	   1139	 103072	  192a0	memory_test.elf
'Finished building: memory_test.elf.size'
' '
15:03:00 **** Auto Build of project memory_test_bsp ****
make -k all 
"Running Make include in microblaze_0/libsrc/bram_v4_3/src"
make -C microblaze_0/libsrc/bram_v4_3/src -s include  "SHELL=CMD" "COMPILER=mb-gcc" "ARCHIVER=mb-ar" "COMPILER_FLAGS=  -O2 -c -mcpu=v9.5 -mlittle-endian -mxl-soft-mul" "EXTRA_COMPILER_FLAGS=-ffunction-sections -fdata-sections -Wall -Wextra"
"Running Make include in microblaze_0/libsrc/cpu_v2_9/src"
make -C microblaze_0/libsrc/cpu_v2_9/src -s include  "SHELL=CMD" "COMPILER=mb-gcc" "ARCHIVER=mb-ar" "COMPILER_FLAGS=  -O2 -c -mcpu=v9.5 -mlittle-endian -mxl-soft-mul" "EXTRA_COMPILER_FLAGS=-ffunction-sections -fdata-sections -Wall -Wextra"
"Running Make include in microblaze_0/libsrc/ik_refresh_disable_v1_0/src"
make -C microblaze_0/libsrc/ik_refresh_disable_v1_0/src -s include  "SHELL=CMD" "COMPILER=mb-gcc" "ARCHIVER=mb-ar" "COMPILER_FLAGS=  -O2 -c -mcpu=v9.5 -mlittle-endian -mxl-soft-mul" "EXTRA_COMPILER_FLAGS=-ffunction-sections -fdata-sections -Wall -Wextra"
"Running Make include in microblaze_0/libsrc/intc_v3_9/src"
make -C microblaze_0/libsrc/intc_v3_9/src -s include  "SHELL=CMD" "COMPILER=mb-gcc" "ARCHIVER=mb-ar" "COMPILER_FLAGS=  -O2 -c -mcpu=v9.5 -mlittle-endian -mxl-soft-mul" "EXTRA_COMPILER_FLAGS=-ffunction-sections -fdata-sections -Wall -Wextra"
"Running Make include in microblaze_0/libsrc/standalone_v7_0/src"
make -C microblaze_0/libsrc/standalone_v7_0/src -s include  "SHELL=CMD" "COMPILER=mb-gcc" "ARCHIVER=mb-ar" "COMPILER_FLAGS=  -O2 -c -mcpu=v9.5 -mlittle-endian -mxl-soft-mul" "EXTRA_COMPILER_FLAGS=-ffunction-sections -fdata-sections -Wall -Wextra"
"Running Make include in microblaze_0/libsrc/tmrctr_v4_5/src"
make -C microblaze_0/libsrc/tmrctr_v4_5/src -s include  "SHELL=CMD" "COMPILER=mb-gcc" "ARCHIVER=mb-ar" "COMPILER_FLAGS=  -O2 -c -mcpu=v9.5 -mlittle-endian -mxl-soft-mul" "EXTRA_COMPILER_FLAGS=-ffunction-sections -fdata-sections -Wall -Wextra"
"Running Make include in microblaze_0/libsrc/uartlite_v3_2/src"
make -C microblaze_0/libsrc/uartlite_v3_2/src -s include  "SHELL=CMD" "COMPILER=mb-gcc" "ARCHIVER=mb-ar" "COMPILER_FLAGS=  -O2 -c -mcpu=v9.5 -mlittle-endian -mxl-soft-mul" "EXTRA_COMPILER_FLAGS=-ffunction-sections -fdata-sections -Wall -Wextra"
"Running Make libs in microblaze_0/libsrc/bram_v4_3/src"
make -C microblaze_0/libsrc/bram_v4_3/src -s libs  "SHELL=CMD" "COMPILER=mb-gcc" "ARCHIVER=mb-ar" "COMPILER_FLAGS=  -O2 -c -mcpu=v9.5 -mlittle-endian -mxl-soft-mul" "EXTRA_COMPILER_FLAGS=-ffunction-sections -fdata-sections -Wall -Wextra"
"Compiling bram"
"Running Make libs in microblaze_0/libsrc/cpu_v2_9/src"
make -C microblaze_0/libsrc/cpu_v2_9/src -s libs  "SHELL=CMD" "COMPILER=mb-gcc" "ARCHIVER=mb-ar" "COMPILER_FLAGS=  -O2 -c -mcpu=v9.5 -mlittle-endian -mxl-soft-mul" "EXTRA_COMPILER_FLAGS=-ffunction-sections -fdata-sections -Wall -Wextra"
"Compiling cpu"
"Running Make libs in microblaze_0/libsrc/ik_refresh_disable_v1_0/src"
make -C microblaze_0/libsrc/ik_refresh_disable_v1_0/src -s libs  "SHELL=CMD" "COMPILER=mb-gcc" "ARCHIVER=mb-ar" "COMPILER_FLAGS=  -O2 -c -mcpu=v9.5 -mlittle-endian -mxl-soft-mul" "EXTRA_COMPILER_FLAGS=-ffunction-sections -fdata-sections -Wall -Wextra"
"Compiling ik_refresh_disable..."
ik_refresh_disable_selftest.c: In function 'IK_REFRESH_DISABLE_Reg_SelfTest':
ik_refresh_disable_selftest.c:52:67: warning: comparison of integer expressions of different signedness: 'u32' {aka 'long unsigned int'} and 'int' [-Wsign-compare]
    if ( IK_REFRESH_DISABLE_mReadReg (baseaddr, read_loop_index*4) != (read_loop_index+1)*READ_WRITE_MUL_FACTOR){
                                                                   ^~
ik_refresh_disable_selftest.c:36:6: warning: unused variable 'Index' [-Wunused-variable]
  int Index;
      ^~~~~
"Running Make libs in microblaze_0/libsrc/intc_v3_9/src"
make -C microblaze_0/libsrc/intc_v3_9/src -s libs  "SHELL=CMD" "COMPILER=mb-gcc" "ARCHIVER=mb-ar" "COMPILER_FLAGS=  -O2 -c -mcpu=v9.5 -mlittle-endian -mxl-soft-mul" "EXTRA_COMPILER_FLAGS=-ffunction-sections -fdata-sections -Wall -Wextra"
"Compiling intc"
"Running Make libs in microblaze_0/libsrc/standalone_v7_0/src"
make -C microblaze_0/libsrc/standalone_v7_0/src -s libs  "SHELL=CMD" "COMPILER=mb-gcc" "ARCHIVER=mb-ar" "COMPILER_FLAGS=  -O2 -c -mcpu=v9.5 -mlittle-endian -mxl-soft-mul" "EXTRA_COMPILER_FLAGS=-ffunction-sections -fdata-sections -Wall -Wextra"
"Compiling standalone";
xil_testmem.c: In function 'refresh_disable':
xil_testmem.c:172:2: warning: 'MB_Sleep' is deprecated [-Wdeprecated-declarations]
  MB_Sleep(buffer_ms);
  ^~~~~~~~
In file included from xil_testmem.c:49:
microblaze_sleep.h:119:6: note: declared here
 void MB_Sleep(u32 MilliSeconds) __attribute__((__deprecated__));
      ^~~~~~~~
xil_testmem.c:178:3: warning: 'MB_Sleep' is deprecated [-Wdeprecated-declarations]
   MB_Sleep(30*1000);
   ^~~~~~~~
In file included from xil_testmem.c:49:
microblaze_sleep.h:119:6: note: declared here
 void MB_Sleep(u32 MilliSeconds) __attribute__((__deprecated__));
      ^~~~~~~~
xil_testmem.c:185:2: warning: 'MB_Sleep' is deprecated [-Wdeprecated-declarations]
  MB_Sleep(wait_ms_temp);
  ^~~~~~~~
In file included from xil_testmem.c:49:
microblaze_sleep.h:119:6: note: declared here
 void MB_Sleep(u32 MilliSeconds) __attribute__((__deprecated__));
      ^~~~~~~~
xil_testmem.c:191:2: warning: 'MB_Sleep' is deprecated [-Wdeprecated-declarations]
  MB_Sleep(buffer_ms);
  ^~~~~~~~
In file included from xil_testmem.c:49:
microblaze_sleep.h:119:6: note: declared here
 void MB_Sleep(u32 MilliSeconds) __attribute__((__deprecated__));
      ^~~~~~~~
xil_testmem.c: In function 'IK_ValidateMem8':
xil_testmem.c:221:2: warning: 'MB_Sleep' is deprecated [-Wdeprecated-declarations]
  MB_Sleep(Wait_ms);
  ^~~~~~~~
In file included from xil_testmem.c:49:
microblaze_sleep.h:119:6: note: declared here
 void MB_Sleep(u32 MilliSeconds) __attribute__((__deprecated__));
      ^~~~~~~~
xil_testmem.c:202:5: warning: variable 'FirtVal' set but not used [-Wunused-but-set-variable]
  u8 FirtVal;
     ^~~~~~~
xil_testmem.c:200:6: warning: unused variable 'j' [-Wunused-variable]
  u32 j;
      ^
xil_testmem.c:197:59: warning: unused parameter 'Pattern' [-Wunused-parameter]
 unsigned long int IK_ValidateMem8(u8 *Addr, u32 Words, u8 Pattern, u8 Subtest, u32 Wait_ms)
                                                        ~~~^~~~~~~
In file included from mb_interface.h:49,
                 from xil_io.h:64,
                 from xil_testmem.c:47:
xil_testmem.c: In function 'IK_TestMem32':
xil_assert.h:133:16: warning: 'return' with a value, in function returning void
         return 0;                                  \
                ^
xil_testmem.c:291:2: note: in expansion of macro 'Xil_AssertNonvoid'
  Xil_AssertNonvoid(Words != (u32)0);
  ^~~~~~~~~~~~~~~~~
xil_testmem.c:281:6: note: declared here
 void IK_TestMem32(u32 *Addr, u32 Words, u8 Pattern, u8 Subtest, u32 Wait_ms, u32 round)
      ^~~~~~~~~~~~
In file included from mb_interface.h:49,
                 from xil_io.h:64,
                 from xil_testmem.c:47:
xil_assert.h:133:16: warning: 'return' with a value, in function returning void
         return 0;                                  \
                ^
xil_testmem.c:292:2: note: in expansion of macro 'Xil_AssertNonvoid'
  Xil_AssertNonvoid(Subtest <= XIL_TESTMEM_MAXTEST);
  ^~~~~~~~~~~~~~~~~
xil_testmem.c:281:6: note: declared here
 void IK_TestMem32(u32 *Addr, u32 Words, u8 Pattern, u8 Subtest, u32 Wait_ms, u32 round)
      ^~~~~~~~~~~~
In file included from mb_interface.h:49,
                 from xil_io.h:64,
                 from xil_testmem.c:47:
xil_assert.h:133:16: warning: 'return' with a value, in function returning void
         return 0;                                  \
                ^
xil_testmem.c:293:2: note: in expansion of macro 'Xil_AssertNonvoid'
  Xil_AssertNonvoid(Addr != NULL);
  ^~~~~~~~~~~~~~~~~
xil_testmem.c:281:6: note: declared here
 void IK_TestMem32(u32 *Addr, u32 Words, u8 Pattern, u8 Subtest, u32 Wait_ms, u32 round)
      ^~~~~~~~~~~~
xil_testmem.c:298:6: warning: variable 'disabled_ms' set but not used [-Wunused-but-set-variable]
  u64 disabled_ms;
      ^~~~~~~~~~~
xil_testmem.c:289:6: warning: variable 'Unfail_bitCount' set but not used [-Wunused-but-set-variable]
  u64 Unfail_bitCount;
      ^~~~~~~~~~~~~~~
xil_testmem.c:284:6: warning: unused variable 'j' [-Wunused-variable]
  u32 j;
      ^
xil_testmem.c:281:44: warning: unused parameter 'Pattern' [-Wunused-parameter]
 void IK_TestMem32(u32 *Addr, u32 Words, u8 Pattern, u8 Subtest, u32 Wait_ms, u32 round)
                                         ~~~^~~~~~~
xil_testmem.c:281:82: warning: unused parameter 'round' [-Wunused-parameter]
 void IK_TestMem32(u32 *Addr, u32 Words, u8 Pattern, u8 Subtest, u32 Wait_ms, u32 round)
                                                                              ~~~~^~~~~
In file included from mb_interface.h:49,
                 from xil_io.h:64,
                 from xil_testmem.c:47:
xil_testmem.c: In function 'IK_TestMem64_FailCount':
xil_assert.h:133:16: warning: 'return' with a value, in function returning void
         return 0;                                  \
                ^
xil_testmem.c:402:2: note: in expansion of macro 'Xil_AssertNonvoid'
  Xil_AssertNonvoid(Words != (u32)0);
  ^~~~~~~~~~~~~~~~~
xil_testmem.c:393:6: note: declared here
 void IK_TestMem64_FailCount(u64 *Addr, u32 Words, u8 Subtest, u64 Wait_ms, retentionTestResult* result)
      ^~~~~~~~~~~~~~~~~~~~~~
In file included from mb_interface.h:49,
                 from xil_io.h:64,
                 from xil_testmem.c:47:
xil_assert.h:133:16: warning: 'return' with a value, in function returning void
         return 0;                                  \
                ^
xil_testmem.c:403:2: note: in expansion of macro 'Xil_AssertNonvoid'
  Xil_AssertNonvoid(Subtest <= XIL_TESTMEM_MAXTEST);
  ^~~~~~~~~~~~~~~~~
xil_testmem.c:393:6: note: declared here
 void IK_TestMem64_FailCount(u64 *Addr, u32 Words, u8 Subtest, u64 Wait_ms, retentionTestResult* result)
      ^~~~~~~~~~~~~~~~~~~~~~
In file included from mb_interface.h:49,
                 from xil_io.h:64,
                 from xil_testmem.c:47:
xil_assert.h:133:16: warning: 'return' with a value, in function returning void
         return 0;                                  \
                ^
xil_testmem.c:404:2: note: in expansion of macro 'Xil_AssertNonvoid'
  Xil_AssertNonvoid(Addr != NULL);
  ^~~~~~~~~~~~~~~~~
xil_testmem.c:393:6: note: declared here
 void IK_TestMem64_FailCount(u64 *Addr, u32 Words, u8 Subtest, u64 Wait_ms, retentionTestResult* result)
      ^~~~~~~~~~~~~~~~~~~~~~
xil_testmem.c:396:6: warning: unused variable 'j' [-Wunused-variable]
  u32 j;
      ^
xil_testmem.c: In function 'IK_ValidateMem8':
xil_testmem.c:279:1: warning: control reaches end of non-void function [-Wreturn-type]
 }
 ^
microblaze_sleep.c:77:9: note: #pragma message: For the sleep routines, assembly instructions are used
 #pragma message ("For the sleep routines, assembly instructions are used")
         ^~~~~~~
"Running Make libs in microblaze_0/libsrc/tmrctr_v4_5/src"
make -C microblaze_0/libsrc/tmrctr_v4_5/src -s libs  "SHELL=CMD" "COMPILER=mb-gcc" "ARCHIVER=mb-ar" "COMPILER_FLAGS=  -O2 -c -mcpu=v9.5 -mlittle-endian -mxl-soft-mul" "EXTRA_COMPILER_FLAGS=-ffunction-sections -fdata-sections -Wall -Wextra"
"Compiling tmrctr"
"Running Make libs in microblaze_0/libsrc/uartlite_v3_2/src"
make -C microblaze_0/libsrc/uartlite_v3_2/src -s libs  "SHELL=CMD" "COMPILER=mb-gcc" "ARCHIVER=mb-ar" "COMPILER_FLAGS=  -O2 -c -mcpu=v9.5 -mlittle-endian -mxl-soft-mul" "EXTRA_COMPILER_FLAGS=-ffunction-sections -fdata-sections -Wall -Wextra"
"Compiling uartlite"
'Finished building libraries'
15:03:05 **** Auto Build of configuration Debug for project memory_test ****
make all 
'Building file: ../src/AxiTimerHelper.c'
'Invoking: MicroBlaze gcc compiler'
mb-gcc -Wall -O0 -g3 -c -fmessage-length=0 -MT"src/AxiTimerHelper.o" -I../../memory_test_bsp/microblaze_0/include -mlittle-endian -mcpu=v9.5 -mxl-soft-mul -Wl,--no-relax -ffunction-sections -fdata-sections -MMD -MP -MF"src/AxiTimerHelper.d" -MT"src/AxiTimerHelper.o" -o "src/AxiTimerHelper.o" "../src/AxiTimerHelper.c"
'Finished building: ../src/AxiTimerHelper.c'
' '
'Building file: ../src/memorytest.c'
'Invoking: MicroBlaze gcc compiler'
mb-gcc -Wall -O0 -g3 -c -fmessage-length=0 -MT"src/memorytest.o" -I../../memory_test_bsp/microblaze_0/include -mlittle-endian -mcpu=v9.5 -mxl-soft-mul -Wl,--no-relax -ffunction-sections -fdata-sections -MMD -MP -MF"src/memorytest.d" -MT"src/memorytest.o" -o "src/memorytest.o" "../src/memorytest.c"
../src/memorytest.c: In function 'test_memory_range':
../src/memorytest.c:108:6: warning: this 'if' clause does not guard... [-Wmisleading-indentation]
      if(round == 0)
      ^~
../src/memorytest.c:112:3: note: ...this statement, but the latter is misleadingly indented as if it were guarded by the 'if'
   for(disable_time = initial_disable_time; disable_time <= final_disable_time; )
   ^~~
../src/memorytest.c:105:9: warning: unused variable 'seed' [-Wunused-variable]
     u32 seed = 0;
         ^~~~
../src/memorytest.c:90:5: warning: unused variable 'pattern' [-Wunused-variable]
  u8 pattern;
     ^~~~~~~
'Finished building: ../src/memorytest.c'
' '
'Building file: ../src/platform.c'
'Invoking: MicroBlaze gcc compiler'
mb-gcc -Wall -O0 -g3 -c -fmessage-length=0 -MT"src/platform.o" -I../../memory_test_bsp/microblaze_0/include -mlittle-endian -mcpu=v9.5 -mxl-soft-mul -Wl,--no-relax -ffunction-sections -fdata-sections -MMD -MP -MF"src/platform.d" -MT"src/platform.o" -o "src/platform.o" "../src/platform.c"
'Finished building: ../src/platform.c'
' '
'Building target: memory_test.elf'
'Invoking: MicroBlaze gcc linker'
mb-gcc -Wl,-T -Wl,../src/lscript.ld -L../../memory_test_bsp/microblaze_0/lib -mlittle-endian -mcpu=v9.5 -mxl-soft-mul -Wl,--no-relax -Wl,--gc-sections -o "memory_test.elf"  ./src/AxiTimerHelper.o ./src/memory_config_g.o ./src/memorytest.o ./src/platform.o   -Wl,--start-group,-lxil,-lgcc,-lc,--end-group
'Finished building target: memory_test.elf'
' '
'Invoking: MicroBlaze Print Size'
mb-size memory_test.elf  |tee "memory_test.elf.size"
   text	   data	    bss	    dec	    hex	filename
 100073	   1756	   1139	 102968	  19238	memory_test.elf
'Finished building: memory_test.elf.size'
' '
15:04:27 **** Auto Build of configuration Debug for project memory_test ****
make all 
'Building file: ../src/memorytest.c'
'Invoking: MicroBlaze gcc compiler'
mb-gcc -Wall -O0 -g3 -c -fmessage-length=0 -MT"src/memorytest.o" -I../../memory_test_bsp/microblaze_0/include -mlittle-endian -mcpu=v9.5 -mxl-soft-mul -Wl,--no-relax -ffunction-sections -fdata-sections -MMD -MP -MF"src/memorytest.d" -MT"src/memorytest.o" -o "src/memorytest.o" "../src/memorytest.c"
../src/memorytest.c: In function 'test_memory_range':
../src/memorytest.c:108:6: warning: this 'if' clause does not guard... [-Wmisleading-indentation]
      if(round == 0)
      ^~
../src/memorytest.c:112:3: note: ...this statement, but the latter is misleadingly indented as if it were guarded by the 'if'
   for(disable_time = initial_disable_time; disable_time <= final_disable_time; )
   ^~~
../src/memorytest.c:105:9: warning: unused variable 'seed' [-Wunused-variable]
     u32 seed = 0;
         ^~~~
../src/memorytest.c:90:5: warning: unused variable 'pattern' [-Wunused-variable]
  u8 pattern;
     ^~~~~~~
'Finished building: ../src/memorytest.c'
' '
'Building target: memory_test.elf'
'Invoking: MicroBlaze gcc linker'
mb-gcc -Wl,-T -Wl,../src/lscript.ld -L../../memory_test_bsp/microblaze_0/lib -mlittle-endian -mcpu=v9.5 -mxl-soft-mul -Wl,--no-relax -Wl,--gc-sections -o "memory_test.elf"  ./src/AxiTimerHelper.o ./src/memory_config_g.o ./src/memorytest.o ./src/platform.o   -Wl,--start-group,-lxil,-lgcc,-lc,--end-group
'Finished building target: memory_test.elf'
' '
'Invoking: MicroBlaze Print Size'
mb-size memory_test.elf  |tee "memory_test.elf.size"
   text	   data	    bss	    dec	    hex	filename
 100029	   1756	   1135	 102920	  19208	memory_test.elf
'Finished building: memory_test.elf.size'
' '
